[www.nationalparks.uk/index.html]
[backblue.gif]
[fade.gif]
[index.html]
[www.nationalparks.uk/app/plugins/instagram-feed/css/sbi-styles.min7f0f.css]
[www.nationalparks.uk/app/plugins/cookie-notice/css/front.mind03b.css]
[www.nationalparks.uk/app/themes/nationalparks/assets/dist/css/screen9c09.css]
[www.nationalparks.uk/app/uploads/2020/10/cropped-favicon-32x32.png]
[www.nationalparks.uk/app/uploads/2020/10/cropped-favicon-192x192.png]
[www.nationalparks.uk/app/uploads/2020/10/cropped-favicon-180x180.png]
[www.google-analytics.com/analytics.js]
[www.nationalparks.uk/parks/index.html]
[www.nationalparks.uk/app/uploads/2021/06/DJWB2600-6104-Copy-2000x429.jpg]
[www.nationalparks.uk/app/uploads/2020/09/Health-and-wellbeing-card-cover.jpg]
[www.nationalparks.uk/green-space-dark-skies/index.html]
[www.nationalparks.uk/things-to-do-in-national-parks/index.html]
[www.nationalparks.uk/get-involved/index.html]
[www.nationalparks.uk/app/uploads/2021/06/4-e1623745604356-1920x429.png]
[www.nationalparks.uk/app/uploads/2020/07/Lake-District-CEO9-2000x1143.jpg]
[www.nationalparks.uk/visit-us/index.html]
[www.nationalparks.uk/learning/index.html]
[www.nationalparks.uk/app/uploads/2020/07/NT_180513_1029-lr-2000x429.jpg]
[scontent.cdninstagram.com/v/t51.2885-15/271383646_1025496224671189_4023309155832351163_na0bf.jpg]
[scontent.cdninstagram.com/v/t51.29350-15/271277230_1059141361325970_9203118672375313827_n4665.jpg]
[scontent.cdninstagram.com/v/t51.2885-15/271353876_1033571644156547_2792693794741239931_n2d4c.jpg]
[www.nationalparks.uk/search/index.html]
[www.nationalparks.uk/green-recovery/index.html]
[www.nationalparks.uk/blog/index.html]
[scontent.cdninstagram.com/v/t51.29350-15/270942864_126107963228770_1130990877805251884_nbe6b.jpg]
[www.nationalparks.uk/visting-national-parks-during-covid/index.html]
[www.nationalparks.uk/app/uploads/2020/07/Snowdonia-big-3-2000x997.jpg]
[www.nationalparks.uk/look-wild/index.html]
[www.nationalparks.uk/national-parks-partnerships/index.html]
[www.nationalparks.uk/love/index.html]
[www.nationalparks.uk/app/plugins/cookie-notice/js/front.min9e1e.js]
[www.nationalparks.uk/app/themes/nationalparks/assets/dist/js/main0c13.js]
[www.nationalparks.uk/wp/wp-includes/js/jquery/jquery4a5f.js]
[www.nationalparks.uk/index.html]
[www.nationalparks.uk/app/plugins/instagram-feed/js/sbi-scripts.min7f0f.js]
[www.googletagmanager.com/gtm5445.html]
[www.nationalparks.uk/privacy-policy/index.html]
[www.nationalparks.uk/contact-national-parks-uk/index.html]
[www.nationalparks.uk/faqs/index.html]
[www.nationalparks.uk/app/plugins/instagram-feed/img/small-logo.png]
[www.nationalparks.uk/app/plugins/instagram-feed/css/sbi-styles.min7f0f.css]
[www.nationalparks.uk/app/plugins/cookie-notice/css/front.mind03b.css]
[www.nationalparks.uk/app/themes/nationalparks/assets/dist/images/background324c.svg]
[www.nationalparks.uk/app/themes/nationalparks/assets/dist/css/screen9c09.css]
[www.nationalparks.uk/app/themes/nationalparks/assets/dist/images/navigation84cd.svg]
[www.nationalparks.uk/app/uploads/2020/10/Hero-Image-lr-1-600x400.jpg]
[www.nationalparks.uk/app/uploads/2020/09/hero-broads-600x400.jpg]
[www.nationalparks.uk/country/england/index.html]
[www.nationalparks.uk/app/uploads/2020/07/MHA_3_150810_1871-LR-600x400.jpg]
[www.nationalparks.uk/country/wales/index.html]
[www.nationalparks.uk/country/scotland/index.html]
[www.nationalparks.uk/park/brecon-beacons/index.html]
[www.nationalparks.uk/park/broads/index.html]
[www.nationalparks.uk/app/uploads/2020/07/20170724-DNPA-SJ-BucklandBeacon-1-600x400.jpg]
[www.nationalparks.uk/app/uploads/2020/07/Hero-image_exmoor_exp_autumn_valley_of_rocks_2019_cf025397_final_WEB-600x400.jpg]
[www.nationalparks.uk/app/uploads/2020/10/LakeDistrict-HJohnson-LDNP-2018-59-Langdales-LR-600x400.jpg]
[www.nationalparks.uk/app/uploads/2020/09/Hero_Loch_Lomond-600x400.jpg]
[www.nationalparks.uk/park/cairngorms/index.html]
[www.nationalparks.uk/app/uploads/2020/07/1-HERO-©-Nick-Lucas-600x400.jpg]
[www.nationalparks.uk/park/dartmoor/index.html]
[www.nationalparks.uk/app/uploads/2020/07/Evening-lights-at-Staithes-by-Ebor-Images-resized-600x400.jpg]
[www.nationalparks.uk/app/uploads/2020/07/Barrowburn-Walkers-c-Paul-Buxton-600x400.jpg]
[www.nationalparks.uk/app/uploads/2020/07/Curbar-Edge-PDNP-600x400.jpg]
[www.nationalparks.uk/app/uploads/2020/09/01.-Main-Thumbnail-image-1800X1200-600x400.jpg]
[www.nationalparks.uk/park/exmoor/index.html]
[www.nationalparks.uk/app/uploads/2020/09/Tryfan-Llyn-Idwal-a-Llyn-Ogwen-©VW-1-600x400.jpg]
[www.nationalparks.uk/app/uploads/2020/09/Baloon-ride-over-the-South-Downs-Robert-Maynard.1800-x-1200-600x400.png]
[www.nationalparks.uk/app/uploads/2020/07/1.-Walls-and-Barns-Stephen-Garnett-600x400.jpg]
[www.nationalparks.uk/app/uploads/2020/10/Loch-Lomond-2.-The-best-places-to-experience-Conic_47-600x400.jpg]
[www.nationalparks.uk/app/uploads/2020/09/beholdyeramblers-e1602585885351.jpg]
[www.nationalparks.uk/app/uploads/2020/07/Infinite-gallery-1-600x400.jpg]
[www.nationalparks.uk/parks/index.html]
[www.nationalparks.uk/park/lake-district/index.html]
[www.nationalparks.uk/park/loch-lomond-the-trossachs/index.html]
[www.nationalparks.uk/park/new-forest/index.html]
[www.nationalparks.uk/app/uploads/2021/10/GSDS_WebsiteHeroCrop_2–1_04-1920x1080.jpg]
[www.nationalparks.uk/park/north-york-moors/index.html]
[www.nationalparks.uk/park/peak-district/index.html]
[www.nationalparks.uk/park/northumberland/index.html]
[www.nationalparks.uk/park/pembrokeshire-coast/index.html]
[www.nationalparks.uk/app/uploads/2021/10/GSDS_WebsiteHeroCrop_2–1_03-1920x1080.jpg]
[www.nationalparks.uk/park/snowdonia/index.html]
[www.nationalparks.uk/park/south-downs/index.html]
[www.nationalparks.uk/park/yorkshire-dales/index.html]
[www.nationalparks.uk/app/uploads/2021/10/GSDS_WebsiteHeroCrop_2–1_02-1920x1080.jpg]
[www.nationalparks.uk/app/uploads/2021/10/GSDS-hero-1920x695.jpg]
[www.nationalparks.uk/green-space-dark-skies/index.html]
[www.nationalparks.uk/what-is-a-national-park/index.html]
[www.nationalparks.uk/the-history-of-national-parks/index.html]
[www.nationalparks.uk/who-looks-after-national-parks/index.html]
[www.nationalparks.uk/app/uploads/2020/10/RS10210_CLMDSC04206-original-2000x1143.jpg]
[www.nationalparks.uk/app/uploads/2020/10/Dartmoor_Dormouse2_C-Edwards-600x400.jpg]
[www.nationalparks.uk/jobs/index.html]
[www.nationalparks.uk/app/uploads/2020/10/Yorkshire-Dales-Apprentices-mending-drystone-walls-600x400.jpg]
[www.nationalparks.uk/app/uploads/2020/10/RS10214_CLMDSC04411-original-600x400.jpg]
[www.nationalparks.uk/volunteering/index.html]
[www.nationalparks.uk/app/uploads/2020/09/columbia-rain-2000x1143.jpg]
[www.nationalparks.uk/get-involved/index.html]
[www.nationalparks.uk/app/uploads/2020/09/Infinite_West_highland_way-600x400.jpg]
[www.nationalparks.uk/apprenticeships/index.html]
[www.nationalparks.uk/youth-awards/index.html]
[www.nationalparks.uk/app/uploads/2020/07/PCA_290512_01-lr-600x400.jpg]
[www.nationalparks.uk/app/uploads/2020/10/Stargazers-Winter-©-Michael-Sinclair-LR-600x400.jpg]
[www.nationalparks.uk/app/uploads/2020/07/Ribblehead-Image-Yorkshire-Dales-600x400.jpg]
[www.nationalparks.uk/walking-in-national-parks/index.html]
[www.nationalparks.uk/app/uploads/2020/07/Mountain-biking-in-Newtondale-by-Russell-Burton-resized-600x400.jpg]
[www.nationalparks.uk/app/uploads/2021/08/original-copy-691-692-1-600x400.jpg]
[www.nationalparks.uk/app/uploads/2021/08/LLTT-mindfulness-lltnp-600x400.jpg]
[www.nationalparks.uk/stargazing-in-national-parks/index.html]
[www.nationalparks.uk/birdwatching-in-national-parks/index.html]
[www.nationalparks.uk/app/uploads/2021/07/Brecon-Beacons-Dan-Santillo-Tretower-600x400.jpg]
[www.nationalparks.uk/app/uploads/2021/10/Wild-Play-New-Forest-Holmsley-201810733-600x400.jpg]
[www.nationalparks.uk/photography-in-national-parks/index.html]
[www.nationalparks.uk/app/uploads/2020/10/Pembrokeshire-JACK-ABBOTT-Carrfai-Jo-Running-DSC05626-600x400.jpg]
[www.nationalparks.uk/cycling-in-national-parks/index.html]
[www.nationalparks.uk/app/uploads/2021/02/Nat-Parks-UK-Banners-Forage.jpg]
[www.nationalparks.uk/water-in-national-parks/index.html]
[www.nationalparks.uk/things-to-do-in-national-parks/index.html]
[www.nationalparks.uk/app/uploads/2021/02/experiences-logo.svg]
[www.nationalparks.uk/mindfulness-in-national-parks/index.html]
[www.nationalparks.uk/historic-attractions/index.html]
[www.nationalparks.uk/things-to-do-with-kids-in-the-national-parks/index.html]
[www.nationalparks.uk/app/uploads/2020/10/NP-STILL-2-580x580.png]
[www.nationalparks.uk/running-in-national-parks/index.html]
[www.nationalparks.uk/app/uploads/2020/10/NP-STILL-1-580x580.png]
[www.nationalparks.uk/app/uploads/2020/10/NP-STILL-3-580x580.png]
[www.nationalparks.uk/app/uploads/2020/09/06.-Getting-Around-1600x1600-1-580x580.jpg]
[www.nationalparks.uk/app/uploads/2020/07/North-Lees-campsite-580x580.jpg]
[www.nationalparks.uk/app/uploads/2020/10/visitscotland_39122291628-mr-1200x800-1-e1602670975731.jpg]
[www.nationalparks.uk/visit-us/index.html]
[www.nationalparks.uk/app/uploads/2021/01/Yorkshire-Dales-Boardwalk-to-Pen-y-ghent-2000x429.jpg]
[www.nationalparks.uk/app/uploads/2020/09/05.-Middle-Copy-Block-Kayaking-1800X1200-600x400.jpg]
[www.nationalparks.uk/app/uploads/2020/09/Long-Man-of-Wilmington-SDNPA-600x400.png]
[www.nationalparks.uk/app/uploads/2020/07/exmoor_exp_dark_skies_2018_exmoor_exp_dark_skies_2018__mg_8894_final_FINAL_WEB-1800x1080.jpg]
[www.nationalparks.uk/app/uploads/2020/10/olena-sergienko-3BlVILvh9hM-unsplash-2000x429.jpg]
[www.nationalparks.uk/learning/index.html]
[www.nationalparks.uk/contact-national-park-education-teams/index.html]
[www.nationalparks.uk/app/uploads/2020/10/Dredger-at-Hickling-1920x1080.jpg]
[www.nationalparks.uk/app/uploads/2020/10/A-hedge-being-planted-in-Wensleydale-to-create-a-highway-for-dormice-an-endangered-species-to-move-between-areas-of-woodland-2000x1143.jpg]
[www.nationalparks.uk/app/uploads/2020/09/Columbia-1-580x580.jpg]
[www.nationalparks.uk/app/uploads/2020/10/Yorkshire-Peat-Partnership-workers-survey-damage-at-Fleet-Moss-in-upper-Wensleydale-in-advance-of-restoration-works-beginning-in-March-2019-580x580.jpg]
[www.nationalparks.uk/planning-a-visit/index.html]
[www.nationalparks.uk/teaching-resources/index.html]
[www.nationalparks.uk/app/uploads/2020/07/6-Image-copy-block-ARRIVE-BY-TRAIN-©-NFNPA-580x580.jpg]
[www.nationalparks.uk/net-zero-with-nature/index.html]
[www.nationalparks.uk/app/uploads/2020/09/preview-full-Lon-Gwyrfai-3.jpg]
[www.nationalparks.uk/app/uploads/2020/09/BRAND-POINT-14-CAIRNGORMS-NP-family-walk-580x580.jpg]
[www.nationalparks.uk/app/uploads/2020/09/New-Forest-7.We-inspire-care-Priestlands_Forest_47-580x580.jpg]
[www.nationalparks.uk/app/uploads/2020/09/Infinite_learning-580x580.jpg]
[www.nationalparks.uk/app/uploads/2020/07/MarshFritillary-KT-DNPA-2012-1-600x400.jpg]
[www.nationalparks.uk/app/uploads/2020/09/Infinite_watervole-600x400.jpg]
[www.nationalparks.uk/app/uploads/2020/07/Conservation-Button-600x400.jpg]
[www.nationalparks.uk/green-recovery/index.html]
[www.nationalparks.uk/app/uploads/2020/07/Snowdonia-big-3-1-1920x1080.jpg]
[www.nationalparks.uk/biodiversity/index.html]
[www.nationalparks.uk/climate-change/index.html]
[www.nationalparks.uk/blog/page/2/index.html]
[www.nationalparks.uk/app/uploads/2021/12/Stuart-Maconie-image-copyright-Country-Walking-CW0191-600x400.jpg]
[www.nationalparks.uk/habitats/index.html]
[www.nationalparks.uk/2021/12/23/inspired-by-nature-stuart-maconie/index.html]
[www.nationalparks.uk/app/uploads/2021/12/NFNPA-Dday-remnants-at-Lepe2231-600x400.jpg]
[www.nationalparks.uk/app/uploads/2021/11/2016-03-02-11.21.38-1-copy-600x400.jpg]
[www.nationalparks.uk/2021/12/23/discovering-lepe-country-park/index.html]
[www.nationalparks.uk/app/uploads/2021/11/Catriona-Manders-1-scaled-e1637839776738-600x400.jpg]
[www.nationalparks.uk/2021/11/25/inspired-by-nature-soraya-abdel-hadi/index.html]
[www.nationalparks.uk/2021/11/16/press-release-uk-national-parks-education-travel-fund-given-a-boost-by-epam-systems/index.html]
[www.nationalparks.uk/app/uploads/2021/10/Yorkshire-Dales-Kids-at-Malham-Beck-learning.-Credit-Stephen-Garnett-Photography-600x400.jpg]
[www.nationalparks.uk/app/uploads/2021/10/Ifor-Ap-Glyn-filming-600x400.jpg]
[www.nationalparks.uk/2021/11/25/inspired-by-nature-junior-ranger-catriona-manders/index.html]
[www.nationalparks.uk/2021/11/09/inspired-by-nature-ifor-ap-glyn/index.html]
[www.nationalparks.uk/app/uploads/2021/10/Kike-Agunbiade-1-600x400.jpg]
[www.nationalparks.uk/app/uploads/2021/08/Northumberland-On-The-Water-Coquet-600x400.jpg]
[www.nationalparks.uk/2021/11/09/inspired-by-nature-kike-agunbiade/index.html]
[www.nationalparks.uk/app/uploads/2021/03/visitscotland_38724035412-600x400.jpg]
[www.nationalparks.uk/blog/index.html]
[www.nationalparks.uk/search/index.html]
[www.nationalparks.uk/app/uploads/2020/07/3-SPECIALQ2©NFNPA-600x400.jpg]
[www.nationalparks.uk/app/uploads/2020/09/Middle_block_Conic_Hill-600x400.jpg]
[www.nationalparks.uk/2021/11/05/press-release-protected-and-conserved-areas/index.html]
[www.nationalparks.uk/2021/11/08/press-release-the-estee-lauder-companies-uk-ireland-announces-500000-commitment-to-restoration-of-uks-national-parks/index.html]
[www.nationalparks.uk/app/uploads/2020/09/Health-and-wellbeing-hero-banner.jpg]
[www.nationalparks.uk/visting-national-parks-during-covid/index.html]
[www.nationalparks.uk/app/uploads/2021/05/crop-DJWB2565-6099-1583x429.jpg]
[www.nationalparks.uk/app/uploads/2021/05/Annotation-2021-05-20-154047.jpg]
[www.nationalparks.uk/app/uploads/2021/05/app-store.png]
[www.nationalparks.uk/app/uploads/2021/05/google-play.png]
[www.nationalparks.uk/app/uploads/2021/05/DJWB2569-6100-580x580.jpg]
[www.nationalparks.uk/app/uploads/2021/05/DJWB2605-6105-3-1-580x580.jpg]
[www.nationalparks.uk/app/uploads/2021/05/Annotation-2021-05-21-090721.jpg]
[www.nationalparks.uk/app/uploads/2020/10/BRAND-POINT-15-CAIRNGORMS-NP-Girls-with-bug-jar4272.jpg]
[www.nationalparks.uk/look-wild/index.html]
[www.nationalparks.uk/app/uploads/2021/05/rubbish-in-bag.png]
[www.nationalparks.uk/app/uploads/2021/05/Heritage-purple.jpg]
[www.nationalparks.uk/app/uploads/2021/05/Heritage-purple-1052x429.jpg]
[www.nationalparks.uk/love/index.html]
[www.nationalparks.uk/app/uploads/2020/09/Columbia-1-1-1920x1080.jpg]
[www.nationalparks.uk/app/uploads/2020/09/04.-Infinite-Gallery-Tycanol-1800x1200-1-1800x429.jpg]
[www.nationalparks.uk/app/uploads/2020/09/NET-ZERO-image-card-cover-580x580.jpg]
[www.nationalparks.uk/app/uploads/2020/09/Health-and-wellbeing-card-cover-580x580.jpg]
[www.nationalparks.uk/app/uploads/2020/09/Licencing-Card-cover-580x580.jpg]
[www.nationalparks.uk/app/uploads/2020/09/04.-Infinite-Gallery-St-Govans-1800x1200-1-1800x429.jpg]
[www.nationalparks.uk/app/uploads/2020/09/Columbia-1-1-600x400.jpg]
[www.nationalparks.uk/npp-health-wellbeing-partner/index.html]
[www.nationalparks.uk/npp-licensing/index.html]
[www.nationalparks.uk/npp-clif/index.html]
[www.nationalparks.uk/app/uploads/2020/09/NET-ZERO-image-card-cover-600x400.jpg]
[www.nationalparks.uk/app/uploads/2021/09/WinnatsPassSeptember272014-danscape.co-2-Peak-district-600x400.jpg]
[www.nationalparks.uk/npp-columbia/index.html]
[www.nationalparks.uk/app/uploads/2021/10/DJWC3184-6827-1-600x400.jpg]
[www.nationalparks.uk/app/uploads/2021/10/200205_Misty-Morning-Pools-600x400.jpg]
[www.nationalparks.uk/app/uploads/2020/09/Health-and-wellbeing-card-cover-600x400.jpg]
[www.nationalparks.uk/app/uploads/2020/09/Licencing-Card-cover-600x400.jpg]
[www.nationalparks.uk/app/uploads/2021/11/Retail-Marketing-Banner-600x400.jpg]
[www.nationalparks.uk/npp-forest-holidays/index.html]
[www.nationalparks.uk/app/uploads/2021/08/Yorkshire-Dales-Kids-at-Lower-Winskill-Farm-learning-about-geocaching.-Credit-Paul-Harris-Photography-600x400.jpg]
[www.nationalparks.uk/app/uploads/2021/11/Orboot_earth-2-600x400.jpg]
[www.nationalparks.uk/app/uploads/2020/09/Kingley-Vale-Sam-Moore-600x400.png]
[www.nationalparks.uk/app/uploads/2021/11/PSX_20201127_142921-600x400.jpg]
[www.nationalparks.uk/app/uploads/2020/11/Plain-map-600x400.jpg]
[www.nationalparks.uk/npp-sykes/index.html]
[www.nationalparks.uk/app/uploads/2021/08/TGO_Activate_Sally_Gunnell_National_Parks_070721_041_web_res-1-600x400.jpg]
[www.nationalparks.uk/app/uploads/2020/09/Cooper-Dicky-Bag-Landscape-600x400.jpg]
[www.nationalparks.uk/national-parks-partnerships/index.html]
[www.nationalparks.uk/app/uploads/2020/10/Pembrokeshire-Manx-Shearwaters-2-1920x1080.jpg]
[www.nationalparks.uk/privacy-policy/index.html]
[www.nationalparks.uk/npp-dicky-bags/index.html]
[www.nationalparks.uk/app/uploads/2020/07/8.-Kids-lunching-Stephen-Garnett--1920x1080.jpg]
[www.nationalparks.uk/contact-national-parks-uk/index.html]
[www.nationalparks.uk/app/uploads/2020/10/Yorkshire-Dales-Janets-Foss-1920x1080.jpg]
[www.nationalparks.uk/faqs/index.html]
[www.nationalparks.uk/wp/wp-admin/admin-ajax.html]
[www.nationalparks.uk/app/themes/nationalparks/assets/dist/images/background324c.svg]
[www.nationalparks.uk/app/themes/nationalparks/assets/dist/images/navigation84cd.svg]
[www.nationalparks.uk/country/england/index.html]
[www.nationalparks.uk/country/scotland/index.html]
[www.nationalparks.uk/country/wales/index.html]
[www.nationalparks.uk/uknationalparksfoundation/index.html]
[www.nationalparks.uk/app/uploads/2020/10/Hero-Image-lr-1-1920x1080.jpg]
[www.nationalparks.uk/app/uploads/2020/10/Walking-LR-600x400.jpg]
[www.nationalparks.uk/app/uploads/2020/10/Cycling-2-LR-600x400.jpg]
[www.nationalparks.uk/app/uploads/2020/10/Maen-Llia-Matt-Botwood-LR-1920x1080.jpg]
[www.nationalparks.uk/app/uploads/2020/10/Farming-Landscape-HR-©-Billie-Charity-LR-900x600.jpg]
[www.nationalparks.uk/app/uploads/2020/10/LLanthony-Abbey-900x600.jpg]
[www.nationalparks.uk/app/uploads/2020/10/Llangorse-Lake-©-Billie-Charity-LR-900x600.jpg]
[www.nationalparks.uk/app/uploads/2020/10/Hay-Festival-FinnBeales.jpg]
[www.nationalparks.uk/app/uploads/2020/10/Craig-Easton-Talybont-on-Usk-LR-900x600.jpg]
[www.nationalparks.uk/app/uploads/2020/10/pontsticill-900x600.jpg]
[www.nationalparks.uk/app/uploads/2020/10/Hay-Bluff-Jump-for-joy-1920x1080.jpg]
[www.nationalparks.uk/park/brecon-beacons/index.html]
[www.nationalparks.uk/app/uploads/2020/09/hero-broads-1800x1080.jpg]
[www.nationalparks.uk/app/uploads/2020/09/Boating-on-the-Broads_npuk-site-1-of-1-34-600x400.jpg]
[www.nationalparks.uk/app/uploads/2020/09/Cycling_Broads_npuk-1-of-1-600x400.jpg]
[www.nationalparks.uk/app/uploads/2020/09/Bird-watching_Broads_npuk-1-of-1-600x400.jpg]
[www.nationalparks.uk/app/uploads/2020/09/Everything-is-connected_Alt-1600x1080.jpg]
[www.nationalparks.uk/app/uploads/2020/09/Boating_all-abilities_Broads_npuk-1-of-1-900x600.jpg]
[www.nationalparks.uk/app/uploads/2020/09/Boating_Broads_npuk-1-of-1-900x600.jpg]
[www.nationalparks.uk/app/uploads/2020/09/Paddle-Sports_Broads_npuk-1-of-1-900x600.jpg]
[www.nationalparks.uk/app/uploads/2020/09/Sailing-_Broads_npuk-site-1-of-1-30-900x600.jpg]
[www.nationalparks.uk/app/uploads/2020/09/Fragile_Water-lily©Bill-smith-1-of-1-900x600.jpg]
[www.nationalparks.uk/app/uploads/2020/09/Distinctive-life_Broads_0078-copy-900x600.jpg]
[www.nationalparks.uk/app/uploads/2020/09/Paddle-Sports_Broads_npuk-1-of-1-1-1920x1080.jpg]
[www.nationalparks.uk/app/uploads/2020/07/Picture-015-lr-580x580.jpg]
[www.nationalparks.uk/park/broads/index.html]
[www.nationalparks.uk/app/uploads/2020/07/MHA_3_150810_1871-LR-1920x1080.jpg]
[www.nationalparks.uk/app/uploads/2020/07/CB-Big-Weekend-17-117-600x400.jpg]
[www.nationalparks.uk/app/uploads/2020/07/Europarc2018-1-600x400.jpg]
[www.nationalparks.uk/app/uploads/2020/07/visitscotland_39122291628-mr-600x400.jpg]
[www.nationalparks.uk/app/uploads/2020/07/visitscotland_38724035412-lr-1840x1080.jpg]
[www.nationalparks.uk/app/uploads/2020/07/PCA_14_111110_59-lr-900x600.jpg]
[www.nationalparks.uk/app/uploads/2020/07/MHA_3_310110_1996-lr-900x600.jpg]
[www.nationalparks.uk/app/uploads/2020/07/PCA_3_111110_23-lr-900x600.jpg]
[www.nationalparks.uk/app/uploads/2020/07/MH1129870-lr-900x600.jpg]
[www.nationalparks.uk/app/uploads/2020/07/PCA_14_301211_134-lr-900x600.jpg]
[www.nationalparks.uk/app/uploads/2020/07/Scottish-Wildcat5147-lr-900x600.jpg]
[www.nationalparks.uk/app/uploads/2020/07/PCA_290512_01-lr-900x600.jpg]
[www.nationalparks.uk/app/uploads/2020/07/Festival-for-All-035-580x580.jpg]
[www.nationalparks.uk/app/uploads/2020/07/170627AboyneAwayDayFinzeanForEmail-Cairngorms-580x580.jpg]
[www.nationalparks.uk/park/cairngorms/index.html]
[www.nationalparks.uk/app/uploads/2020/07/NT_180513_0362-lr-600x400.jpg]
[www.nationalparks.uk/app/uploads/2020/07/Creamtea-KT-DNPA-2015-25-600x400.jpg]
[www.nationalparks.uk/app/uploads/2020/07/20180822-DNPA-SJ-MeldonWildlifeFestival-71-600x400.jpg]
[www.nationalparks.uk/app/uploads/2020/07/2012-DNPA-Drizzlecombe_Stonerow-1920x1080.jpg]
[www.nationalparks.uk/app/uploads/2020/07/2012-DNPA-Merrivale_Stonerow-900x600.jpg]
[www.nationalparks.uk/app/uploads/2020/07/Great-Staple-Tor-sunset-AdrianOakes-agreement141010-900x600.jpg]
[www.nationalparks.uk/app/uploads/2020/07/MarshFritillary-KT-DNPA-2012-1-900x600.jpg]
[www.nationalparks.uk/app/uploads/2020/07/20200523-SJ-Emsworthy-Barn-Bluebells-and-Sheep-1-900x600.jpg]
[www.nationalparks.uk/app/uploads/2020/07/2010-DNPA-Postbridge-900x600.jpg]
[www.nationalparks.uk/app/uploads/2020/07/20180213-DNPA-SJ-Ponies-on-West-Moor-900x600.jpg]
[www.nationalparks.uk/app/uploads/2020/07/20171126-DNPA-SJ-Ella-and-Lucas-Sharpitor-19-1920x1080.jpg]
[www.nationalparks.uk/app/uploads/2020/07/Granitegears-Cycling-LeePengelly-DNPA-2014-32-580x580.jpg]
[www.nationalparks.uk/app/uploads/2020/07/NT_180513_1029-lr-580x580.jpg]
[www.nationalparks.uk/app/uploads/2020/07/Screenshot-2020-08-21-at-15.15.33-1920x1080.png]
[www.nationalparks.uk/app/uploads/2020/07/Welcome-to-Dartmoor-FINAL.mp4]
[www.nationalparks.uk/park/dartmoor/index.html]
[www.nationalparks.uk/app/uploads/2020/07/Hero-image_exmoor_exp_autumn_valley_of_rocks_2019_cf025397_final_WEB-1800x1080.jpg]
[www.nationalparks.uk/app/uploads/2020/07/exmoor_exp_autumn_valley_of_rocks_2019_cf025238_final_WEB-600x400.jpg]
[www.nationalparks.uk/app/uploads/2020/07/North-Devon-Coast-1-600x400.jpg]
[www.nationalparks.uk/app/uploads/2020/07/Keith-Trueman-credit-Star-Trails-over-Valley-of-Rocks-600x400.jpg]
[www.nationalparks.uk/app/uploads/2020/07/Exmoor-Pony-Foal-Porlock-Bay-lr-1200x1080.jpg]
[www.nationalparks.uk/app/uploads/2020/07/Fungi-at-Ashcombe-credit-Bob-Walters-900x600.jpg]
[www.nationalparks.uk/app/uploads/2020/07/Porlock-Weir-18-2-DTJ-Pete-adjust-900x600.jpg]
[www.nationalparks.uk/app/uploads/2020/07/North-Devon-Coast-900x600.jpg]
[www.nationalparks.uk/app/uploads/2020/07/Cow-Castle-on-the-Two-Moors-Way-900x600.jpg]
[www.nationalparks.uk/app/uploads/2020/07/Exmoor-Pony-and-foal-7144-900x600.jpg]
[www.nationalparks.uk/app/uploads/2020/07/Red-deer-Stags-at-Aldermans-Barrow-900x600.jpg]
[www.nationalparks.uk/app/uploads/2020/07/Polock-Bay-from-Selworthy-Beacon-900x600.jpg]
[www.nationalparks.uk/app/uploads/2020/07/exmoor_exp_autumn_family_2018_mg_0307_FINAL-580x580.jpg]
[www.nationalparks.uk/park/exmoor/index.html]
[www.nationalparks.uk/app/uploads/2020/07/exmoor_exp_cycling_2018_cf021384_FINAL_WEB-580x580.jpg]
[www.nationalparks.uk/app/uploads/2020/10/LakeDistrict-HJohnson-LDNP-2018-59-Langdales-LR-1920x1080.jpg]
[www.nationalparks.uk/app/uploads/2020/10/Activity-paddleboarding-Coniston-600x400.jpg]
[www.nationalparks.uk/app/uploads/2020/10/Activity-boating-Coniston-600x400.jpg]
[www.nationalparks.uk/app/uploads/2020/10/Harry-Johnson-LDNPA-Winter-Skills-Yes-GDPR-Verbal-22-LR-600x400.jpg]
[www.nationalparks.uk/app/uploads/2020/10/iStock-846846978-LR-1920x1080.jpg]
[www.nationalparks.uk/app/uploads/2020/10/Herdwicks-at-Tilberthwaite-John-Hodgson-LR-900x600.jpg]
[www.nationalparks.uk/app/uploads/2020/10/Castlerigg-900x600.jpg]
[www.nationalparks.uk/app/uploads/2020/10/LakeDistrict-HJohnson-LDNP-2018-59-Langdales-LR-900x600.jpg]
[www.nationalparks.uk/app/uploads/2020/10/GuidedWalkBrockhole-lrg-col-084-900x600.jpg]
[www.nationalparks.uk/app/uploads/2020/10/kids-Coniston-SCalderbank-07.20-LR-900x600.jpg]
[www.nationalparks.uk/app/uploads/2020/10/Conistonfamilies-lrg-col-048-LR-900x600.jpg]
[www.nationalparks.uk/app/uploads/2020/10/Brockholegardenday-lrg-004-900x600.jpg]
[www.nationalparks.uk/app/uploads/2020/10/5-RedSquirrels-HarryJohnson-LDNP-2018-900x600.jpg]
[www.nationalparks.uk/app/uploads/2020/10/555-round-corner-c.Stagecoach-LR-580x580.jpg]
[www.nationalparks.uk/park/lake-district/index.html]
[www.nationalparks.uk/app/uploads/2020/09/Hero_Loch_Lomond-1800x1080.jpg]
[www.nationalparks.uk/app/uploads/2020/09/Key_activity_walking-600x400.jpg]
[www.nationalparks.uk/app/uploads/2020/09/Key_activity_cycling-600x400.jpg]
[www.nationalparks.uk/app/uploads/2020/09/Key_activity_wildlife_watching-600x400.jpg]
[www.nationalparks.uk/app/uploads/2020/09/Special_qualities_pucks_glen-1600x1080.jpg]
[www.nationalparks.uk/app/uploads/2020/09/Infinite_all_terrain1-900x600.jpg]
[www.nationalparks.uk/app/uploads/2020/09/Infinite_blackgrouse-900x600.jpg]
[www.nationalparks.uk/app/uploads/2020/09/Infinite_falls_of_dochart-900x600.jpg]
[www.nationalparks.uk/app/uploads/2020/09/Infinite_kayaking-900x600.jpg]
[www.nationalparks.uk/app/uploads/2020/09/Infinite_learning-900x600.jpg]
[www.nationalparks.uk/app/uploads/2020/09/Infinite_red_deer-900x600.jpg]
[www.nationalparks.uk/app/uploads/2020/09/Infinite_watervole-900x600.jpg]
[www.nationalparks.uk/app/uploads/2020/09/Infinite_West_highland_way-900x600.jpg]
[www.nationalparks.uk/app/uploads/2020/09/Middle_block_Conic_Hill-1800x1080.jpg]
[www.nationalparks.uk/app/uploads/2020/09/Getting_Around_transport-580x580.jpg]
[www.nationalparks.uk/app/uploads/2020/09/Getting_Around_Responsible-580x580.jpg]
[www.nationalparks.uk/app/uploads/2020/09/Getting_Around_camping-580x580.jpg]
[www.nationalparks.uk/park/loch-lomond-the-trossachs/index.html]
[www.nationalparks.uk/app/uploads/2020/07/New-Forest-Website-Feedback-Thumbnails-600x400.jpg]
[www.nationalparks.uk/app/uploads/2020/07/Male-silverstudded-blue-and-midge-2433-600x400.jpg]
[www.nationalparks.uk/app/uploads/2020/07/Thumbnail-3-Walking-600x400.jpg]
[www.nationalparks.uk/app/uploads/2020/07/3-SPECIALQ2©NFNPA-1800x1080.jpg]
[www.nationalparks.uk/app/uploads/2020/07/New-Forest-Website-Feedback-Infinite-Gallery-900x600.jpg]
[www.nationalparks.uk/app/uploads/2020/07/Infinite-Gallery-1-©-Marek-Gaspar-900x600.jpg]
[www.nationalparks.uk/app/uploads/2020/07/Infinite-Gallery-2-©-NFNPA-900x600.jpg]
[www.nationalparks.uk/app/uploads/2020/07/Infinite-Gallery-3-Infinite-Gallery-2-©-NFNPA-900x600.jpg]
[www.nationalparks.uk/app/uploads/2020/07/Infinite-Gallery-4-Infinite-Gallery-2-©-NFNPA-900x600.jpg]
[www.nationalparks.uk/app/uploads/2020/07/Infinite-Gallery-5-Infinite-Gallery-2-©-NFNPA-900x600.jpg]
[www.nationalparks.uk/app/uploads/2020/07/Infinite-Gallery-6-Infinite-Gallery-2-©-NFNPA-900x600.jpg]
[www.nationalparks.uk/app/uploads/2020/07/Infinite-Gallery-7-Infinite-Gallery-2-©-NFNPA-900x600.jpg]
[www.nationalparks.uk/app/uploads/2020/07/4-Middle-copy-block-ARCHITECTS-OF-THE-FOREST-©-NFNPA-1800x1080.jpg]
[www.nationalparks.uk/app/uploads/2020/07/2-Thumbnail-activities-WALKING-©-NFNPA-580x580.jpg]
[www.nationalparks.uk/app/uploads/2020/07/2-Thumbnail-activites-CYCLING-©-NFNPA-580x580.jpg]
[www.nationalparks.uk/app/uploads/2020/07/1-HERO-©-Nick-Lucas-1800x1080.jpg]
[www.nationalparks.uk/app/uploads/2020/07/The-New-Forest-a-unique-landscape.mp4]
[www.nationalparks.uk/park/new-forest/index.html]
[www.nationalparks.uk/app/uploads/2020/07/Evening-lights-at-Staithes-by-Ebor-Images-resized-1800x1080.jpg]
[www.nationalparks.uk/app/uploads/2020/07/Walking-by-Gary-Walsh.NYMNP_-600x400.jpg]
[www.nationalparks.uk/app/uploads/2020/07/Well-being-by-Gary-Walsh.NYMNP_-600x400.jpg]
[www.nationalparks.uk/app/uploads/2020/07/37849636202_98c2805e7c_o-1920x1080.jpg]
[www.nationalparks.uk/app/uploads/2020/07/Hayburn-Wyke-woods-by-Tom-Mutton-resized-1-900x600.jpg]
[www.nationalparks.uk/app/uploads/2020/07/Grey_seal-Credit-Steve-Race_Yorkshire-Coast-Nature-resized-900x600.jpg]
[www.nationalparks.uk/app/uploads/2020/07/Helmsley-Walled-Garden-Credit-Daniel-Wildey-Photography-resized-900x600.jpg]
[www.nationalparks.uk/app/uploads/2020/07/Rosedale-High-Baring-workshops-by-Tom-Mutton-resized-900x600.jpg]
[www.nationalparks.uk/app/uploads/2020/07/North-Yorkshire-Moors-Railway-heritage-steam-train-resized-900x600.jpg]
[www.nationalparks.uk/app/uploads/2020/07/Autumn-Blow-Gill-c-Matt-Hillier-resized-900x600.jpg]
[www.nationalparks.uk/app/uploads/2020/07/Fossils-Forage-and-Feast-Credit-Daniel-Wildey-Photography-3-resized-900x600.jpg]
[www.nationalparks.uk/app/uploads/2020/07/Columbia-working-with-Camphill-Community-by-Ben-Read-Photography-resized-1800x1080.jpg]
[www.nationalparks.uk/app/uploads/2020/07/Yorkshire-Coastliner-840-bus-arriving-in-Goathland-village-Credit-rjbphotographic.co_.uk-resized-580x580.jpg]
[www.nationalparks.uk/app/uploads/2020/07/Greener-Travel_Esk-Valley-Railway-resized-580x580.jpg]
[www.nationalparks.uk/app/uploads/2020/07/28108039929_432a075bc5_o-2000x429.jpg]
[www.nationalparks.uk/park/north-york-moors/index.html]
[www.nationalparks.uk/app/uploads/2020/07/Barrowburn-Walkers-c-Paul-Buxton-1800x1080.jpg]
[www.nationalparks.uk/app/uploads/2020/07/The-Sill-c-Sally-Ann-Norman-600x400.jpg]
[www.nationalparks.uk/app/uploads/2020/07/Sycamore-Gap-c-Cain-Scrimgeour-600x400.jpg]
[www.nationalparks.uk/app/uploads/2020/07/Key-Activites-Hiking-Image-600x400.jpg]
[www.nationalparks.uk/app/uploads/2020/07/Long-form-Copy-Image-Special-Qualities-1600x1080.jpg]
[www.nationalparks.uk/app/uploads/2020/07/Cawfields-Hadrians-Wall-900x600.jpg]
[www.nationalparks.uk/app/uploads/2020/07/Hareshaw-Linn-Waterfall-900x600.jpg]
[www.nationalparks.uk/app/uploads/2020/07/Milecastle-39-on-Hadrians-Wall-900x600.jpg]
[www.nationalparks.uk/app/uploads/2020/07/Padon-Hill-900x600.jpg]
[www.nationalparks.uk/app/uploads/2020/07/Sycamore-Gap-900x600.jpg]
[www.nationalparks.uk/app/uploads/2020/07/The-Breamish-Valley-and-Ingram-900x600.jpg]
[www.nationalparks.uk/app/uploads/2020/07/The-Harthope-Valley-by-Ryan-Edy-900x600.jpg]
[www.nationalparks.uk/app/uploads/2020/07/The-Otterburn-Ranges-900x600.jpg]
[www.nationalparks.uk/app/uploads/2020/07/Upper-Coquetdale-900x600.jpg]
[www.nationalparks.uk/app/uploads/2020/07/Yeavering-Bell-900x600.jpg]
[www.nationalparks.uk/app/uploads/2020/07/Inifinite-Gallery-arthope-Valley-Image-900x600.jpg]
[www.nationalparks.uk/app/uploads/2020/07/Infinite-Gallery-Simonside-View-Image-900x600.jpg]
[www.nationalparks.uk/app/uploads/2020/07/Infinite-Gallery-Shillmoor-Image-900x600.jpg]
[www.nationalparks.uk/app/uploads/2020/07/Infinite-Gallery-Newton-Tors-Image-900x600.jpg]
[www.nationalparks.uk/app/uploads/2020/07/Infinite-Gallery-Hadrians-Wall-image-900x600.jpg]
[www.nationalparks.uk/app/uploads/2020/07/Infinite-Gallery-Cheviots-Image-900x600.jpg]
[www.nationalparks.uk/app/uploads/2020/07/Infinite-Gallery-Hadrians-Wall-image-580x580.jpg]
[www.nationalparks.uk/app/uploads/2020/07/The-Simonside-Hills-580x580.jpg]
[www.nationalparks.uk/app/uploads/2020/07/The-Cheviots-580x580.jpg]
[www.nationalparks.uk/app/uploads/2020/07/Sycamore-Gap-1800x1080.jpg]
[www.nationalparks.uk/app/uploads/2020/07/Discover-our-dark-skies.mp4]
[www.nationalparks.uk/park/northumberland/index.html]
[www.nationalparks.uk/app/uploads/2020/07/Curbar-Edge-PDNP-1920x1080.jpg]
[www.nationalparks.uk/app/uploads/2020/07/Thumbnail-1-600x400.jpg]
[www.nationalparks.uk/app/uploads/2020/07/Thumbnail-2-600x400.jpg]
[www.nationalparks.uk/app/uploads/2020/07/www.visitpeakdistrict-600x400.jpg]
[www.nationalparks.uk/app/uploads/2020/07/MG_1662-2-1920x1080.jpg]
[www.nationalparks.uk/app/uploads/2020/07/Infinite-gallery-1-900x600.jpg]
[www.nationalparks.uk/app/uploads/2020/07/Infinite-gallery-2-900x600.jpg]
[www.nationalparks.uk/app/uploads/2020/07/Infinite-gallery-3-900x600.jpg]
[www.nationalparks.uk/app/uploads/2020/07/Infinite-gallery-4-900x600.jpg]
[www.nationalparks.uk/app/uploads/2020/07/Infinite-gallery-5-900x600.jpg]
[www.nationalparks.uk/app/uploads/2020/07/Infinite-gallery-6-900x600.jpg]
[www.nationalparks.uk/app/uploads/2020/07/MwS-Parsley-Hay_c_Tom-Marshall-6-1920x1080.jpg]
[www.nationalparks.uk/app/uploads/2020/07/Roaches-PDNP-580x580.jpg]
[www.nationalparks.uk/park/peak-district/index.html]
[www.nationalparks.uk/app/uploads/2020/09/01.-Main-Thumbnail-image-1800X1200-1800x1080.jpg]
[www.nationalparks.uk/app/uploads/2020/09/02.-KeyActivity-Thumbnail-01-Walking-1800X1200-600x400.jpg]
[www.nationalparks.uk/app/uploads/2020/09/02.-KeyActivity-Thumbnail-02-Wildlife-1800X1200-600x400.jpg]
[www.nationalparks.uk/app/uploads/2020/09/02.-KeyActivity-Thumbnail-03-Beaches-1800X1200-600x400.jpg]
[www.nationalparks.uk/app/uploads/2020/09/03.-Long-Form-Copy-Special-Qualities-1600X1600-1600x1080.jpg]
[www.nationalparks.uk/app/uploads/2020/09/04.-Infinite-Gallery-Newport-1800x1200-1-900x600.jpg]
[www.nationalparks.uk/app/uploads/2020/09/04.-Infinite-Gallery-St-Govans-1800x1200-1-900x600.jpg]
[www.nationalparks.uk/app/uploads/2020/09/04.-Infinite-Gallery-Strumble-Head-1800x1200-1-900x600.jpg]
[www.nationalparks.uk/app/uploads/2020/09/04.-Infinite-Gallery-Tenby-1800x1200-1-900x600.jpg]
[www.nationalparks.uk/app/uploads/2020/09/04.-Infinite-Gallery-Tycanol-1800x1200-1-900x600.jpg]
[www.nationalparks.uk/app/uploads/2020/09/04.-Infinite-Foel-Drygarn-1800x1200.jpg-900x600.jpg]
[www.nationalparks.uk/app/uploads/2020/09/05.-Middle-Copy-Block-Kayaking-1800X1200-1800x1080.jpg]
[www.nationalparks.uk/park/pembrokeshire-coast/index.html]
[www.nationalparks.uk/app/uploads/2020/09/Tryfan-Llyn-Idwal-a-Llyn-Ogwen-©VW-1-1920x1080.jpg]
[www.nationalparks.uk/app/uploads/2020/09/Beicio-©VW-copy-600x400.jpg]
[www.nationalparks.uk/app/uploads/2020/09/Aurora-Above-Trawsfynydd-600x400.jpg]
[www.nationalparks.uk/app/uploads/2020/09/Mynedfa-Castell-Harlech-©VW-600x400.jpg]
[www.nationalparks.uk/app/uploads/2020/09/Cwch-Llyn-©APCE-1920x1080.jpg]
[www.nationalparks.uk/app/uploads/2020/09/Windsurfing-4-©VW-900x600.jpg]
[www.nationalparks.uk/app/uploads/2020/09/lilir-wyddfa-900x600.png]
[www.nationalparks.uk/app/uploads/2020/09/076_ffN_96-900x600.jpg]
[www.nationalparks.uk/app/uploads/2020/09/Stondin-Jam-a-Chutney-©VW-900x600.jpg]
[www.nationalparks.uk/app/uploads/2020/09/Danddaear-©VW-900x600.jpg]
[www.nationalparks.uk/app/uploads/2020/09/Llennyrch-footpath-image-4-900x600.jpg]
[www.nationalparks.uk/app/uploads/2020/09/Llyn-Idwal-ar-Glyderau-©VW-1920x1080.jpg]
[www.nationalparks.uk/app/uploads/2020/09/NVW-C15-1920-00341-580x580.jpg]
[www.nationalparks.uk/app/uploads/2020/09/Beicio-©APCE-580x580.jpg]
[www.nationalparks.uk/park/snowdonia/index.html]
[www.nationalparks.uk/app/uploads/2020/09/Meon-Trail-cyclists-1800-x-1200-600x400.png]
[www.nationalparks.uk/app/uploads/2020/09/Rafinny-Wine-Estate-600x400.png]
[www.nationalparks.uk/app/uploads/2020/09/Dark-skies-over-Cowdray-Estate-Daniel-Greenwood-600x400.jpg]
[www.nationalparks.uk/app/uploads/2020/09/Wilmington-Hill-Daniel-Greenwood-1800x1080.png]
[www.nationalparks.uk/app/uploads/2020/09/Lord_s-Piece-Common-Jamie-Fielding-900x600.png]
[www.nationalparks.uk/app/uploads/2020/09/Arundel-Jamie-Fielding-900x600.png]
[www.nationalparks.uk/app/uploads/2020/09/Fulking-Escarpment-Jamie-Fielding-900x600.png]
[www.nationalparks.uk/app/uploads/2020/09/Kingley-Vale-Sam-Moore-900x600.png]
[www.nationalparks.uk/app/uploads/2020/09/Beachy-Head-Sam-Moore-900x600.png]
[www.nationalparks.uk/app/uploads/2020/09/Black-Down-Richard-Sandiford-900x600.png]
[www.nationalparks.uk/app/uploads/2020/09/Baloon-ride-over-the-South-Downs-Robert-Maynard.1800-x-1200-2-1800x1080.png]
[www.nationalparks.uk/app/uploads/2020/09/SDNPA-welcome-sign-580x580.png]
[www.nationalparks.uk/app/uploads/2020/09/Seven-Sisters-Benjamin-Davies-580x580.png]
[www.nationalparks.uk/app/uploads/2020/09/Long-Man-of-Wilmington-SDNPA-580x580.png]
[www.nationalparks.uk/park/south-downs/index.html]
[www.nationalparks.uk/app/uploads/2020/07/1.-Walls-and-Barns-Stephen-Garnett-1920x1080.jpg]
[www.nationalparks.uk/app/uploads/2020/07/2.-Walkers-at-Malham-Stephen-Garnett-600x400.jpg]
[www.nationalparks.uk/app/uploads/2020/07/3.-Hardraw-Force-Wendy-McDonnell-600x400.jpg]
[www.nationalparks.uk/app/uploads/2020/07/4.-Cheese-Stephen-Garnett-600x400.jpg]
[www.nationalparks.uk/app/uploads/2020/07/5.-A-herd-of-sheep-Hill-Top-Farm-1920x1080.jpg]
[www.nationalparks.uk/app/uploads/2020/07/6.-Belties-Paul-Harris-900x600.jpg]
[www.nationalparks.uk/app/uploads/2020/07/7.-Heather-Wendy-McDonnell-900x600.jpg]
[www.nationalparks.uk/app/uploads/2020/07/8.-Kids-lunching-Stephen-Garnett--900x600.jpg]
[www.nationalparks.uk/app/uploads/2020/07/9.-Red-Squirrel-Gaz-Atkinson-900x600.jpg]
[www.nationalparks.uk/app/uploads/2020/07/10.-Kids-in-stream-at-Malham-Stephen-Garnett-900x600.jpg]
[www.nationalparks.uk/app/uploads/2020/07/11.-Steam-Train-Paul-Harris-900x600.jpg]
[www.nationalparks.uk/app/uploads/2020/07/12.-Pen-y-Ghent-Andy-Kay-900x600.jpg]
[www.nationalparks.uk/app/uploads/2020/07/13.-DentHead-Paul-Harris-900x600.jpg]
[www.nationalparks.uk/app/uploads/2020/07/Ribblehead-Image-Yorkshire-Dales-1840x1080.jpg]
[www.nationalparks.uk/app/uploads/2020/07/15.-Cycling-Paul-Harris-580x580.jpg]
[www.nationalparks.uk/app/uploads/2020/07/16.-Horseriding-Paul-Harris-580x580.jpg]
[www.nationalparks.uk/app/uploads/2020/07/Yorkshire-Dales-National-Park-Film.mp4]
[www.nationalparks.uk/park/yorkshire-dales/index.html]
[www.nationalparks.uk/app/uploads/2020/07/Upper-Coquetdale-1800x1080.jpg]
[www.nationalparks.uk/app/uploads/2020/09/New-Forest-7.We-inspire-care-Priestlands_Forest_47-1920x1080.jpg]
[www.nationalparks.uk/app/uploads/2020/09/Brecon-Beacons-Cossey-D-Waterfall-Sgwd-yr-Eira-Spring-900x600.jpg]
[www.nationalparks.uk/app/uploads/2020/09/Boats-at-Horsey-Mere-Credit-Christopher-Hill-900x600.jpg]
[www.nationalparks.uk/app/uploads/2020/09/BRAND-POINT-6-OR-13-CAIRNGORMS-NP-Corgarff-Castle6176-900x600.jpg]
[www.nationalparks.uk/app/uploads/2020/09/DNPA-to-scale-Merrivale-900x600.jpg]
[www.nationalparks.uk/app/uploads/2020/09/exmoor_exp_autumn_valley_of_rocks_2019_cf025472-1_FINAL-900x600.jpg]
[www.nationalparks.uk/app/uploads/2020/09/Glenridding-and-Ullswater-copyright-Nick-Thorne-900x600.jpg]
[www.nationalparks.uk/app/uploads/2020/09/Loch-Lomond-13.-In-Balance-LLNP046-900x600.jpg]
[www.nationalparks.uk/app/uploads/2020/09/New-Forest-1.-landscape-panaroma-Rockford-Flare-900x600.jpg]
[www.nationalparks.uk/app/uploads/2020/09/26015331388_02f36518e0_z.jpg]
[www.nationalparks.uk/app/uploads/2020/09/Hadrians-Wall-NNP-c-DTaylor-900x600.jpg]
[www.nationalparks.uk/app/uploads/2020/09/AdobeStock_114223387-900x600.jpg]
[www.nationalparks.uk/app/uploads/2020/09/Pembrokeshir-Coast-Barafundle-beach-900x600.jpg]
[www.nationalparks.uk/app/uploads/2020/09/Snowdonia-big-3-900x600.jpg]
[www.nationalparks.uk/app/uploads/2020/09/RS1163_58-Harting-Sunset-scr-900x600.jpg]
[www.nationalparks.uk/app/uploads/2020/09/046-YD-Dent-Head-Viaduct-from-Dales-Way-danscape.co_-1.jpg]
[www.nationalparks.uk/app/uploads/2020/07/Lake-District-CEO1-1920x1080.jpg]
[www.nationalparks.uk/app/uploads/2020/09/Special_qualities_pucks_glen-600x400.jpg]
[www.nationalparks.uk/app/uploads/2020/09/South-Downs-RS7577_180314_Columbia_31_055_EDIT-GW3-600x400.jpg]
[www.nationalparks.uk/what-is-a-national-park/index.html]
[www.nationalparks.uk/app/uploads/2020/09/KinderScoutMassTrespassWalk.jpg]
[www.nationalparks.uk/app/uploads/2020/10/morning-glory-pool-3764__480-e1602588920624.jpg]
[www.nationalparks.uk/app/uploads/2020/09/04.-Infinite-Gallery-St-Govans-1800x1200-1-600x400.jpg]
[www.nationalparks.uk/the-history-of-national-parks/index.html]
[www.nationalparks.uk/app/uploads/2020/09/027-Park-Ranger-Dry-Stone-Walling-danscape.co_-1920x1080.jpg]
[www.nationalparks.uk/app/uploads/2020/07/Inspired-by-the-North-York-Moors-Credit-Daniel-Wildey-Photography-12-resized-580x580.jpg]
[www.nationalparks.uk/app/uploads/2020/09/Brecon-Beacons-Billie-Charity-BBNPA-volunteers3-580x580.jpg]
[www.nationalparks.uk/app/uploads/2020/09/Brecon-Beacons-Billie-Charity-BBNPA-580x580.jpg]
[www.nationalparks.uk/app/uploads/2020/07/Columbia-working-with-Camphill-Community-by-Ben-Read-Photography-resized-580x580.jpg]
[www.nationalparks.uk/app/uploads/2020/09/BRAND-POINT-3-7-OR-8-CAIRNGORMS-NP-Nick-Baker-Cairngorms-Nature-20152563-580x580.jpg]
[www.nationalparks.uk/app/uploads/2020/09/Peak-District-Ranger-Dry-Stone-Walling-Tom-Marshall-900x600.jpg]
[www.nationalparks.uk/app/uploads/2020/09/CLMDSC03388-900x600.jpg]
[www.nationalparks.uk/app/uploads/2020/09/027-Park-Ranger-Dry-Stone-Walling-danscape.co_-900x600.jpg]
[www.nationalparks.uk/app/uploads/2020/09/ld-ranger-digging.jpg]
[www.nationalparks.uk/app/uploads/2020/09/South-Downs-RS7370_180313_Columbia_09_357-900x600.jpg]
[www.nationalparks.uk/app/uploads/2020/09/South-Downs-RS7557_180314_Columbia_14_455-900x600.jpg]
[www.nationalparks.uk/app/uploads/2020/09/South-Downs-RS7552_180314_Columbia_10_216-900x600.jpg]
[www.nationalparks.uk/app/uploads/2020/10/rural-skills4-580x580.jpg]
[www.nationalparks.uk/app/uploads/2020/10/Conic_11-600x400.jpg]
[www.nationalparks.uk/app/uploads/2020/09/PROD-21-4-2017-TrespassWalkingGroup1932-913-e1602588365349-600x400.jpg]
[www.nationalparks.uk/who-looks-after-national-parks/index.html]
[www.nationalparks.uk/app/uploads/2020/07/dartmoor.svg]
[www.nationalparks.uk/app/uploads/2020/07/exmoor.svg]
[www.nationalparks.uk/jobs/index.html]
[www.nationalparks.uk/app/uploads/2020/10/lake_district.svg]
[www.nationalparks.uk/app/uploads/2020/09/Brecon-Beacons-Billie-Charity-BBNPA-volunteers3-1920x1080.jpg]
[www.nationalparks.uk/app/uploads/2020/12/RS8004_Glynde-SDNPA-19-2-2019-hi-res-9-scr.jpg]
[www.nationalparks.uk/app/uploads/2020/12/SDYA_PB_17-2-2020-01-580x580.jpg]
[www.nationalparks.uk/app/uploads/2020/12/BBNPA-Photo-600x400.jpg]
[www.nationalparks.uk/app/uploads/2021/01/near-St-Benets-Abbey_Winter-Tom-Barrett-600x400.jpg]
[www.nationalparks.uk/app/uploads/2021/01/BRAND-POINT-3-7-OR-8-CAIRNGORMS-NP-Volunteer-Rangers-600x400.jpg]
[www.nationalparks.uk/app/uploads/2020/12/NT_180513_0318-COMP-DARTMOOR-VOLUNTEERS-600x400.jpg]
[www.nationalparks.uk/app/uploads/2020/12/Exmoor-volunteer.jpg]
[www.nationalparks.uk/app/uploads/2021/01/Seathwaite-Farm-Andrew-Locking-600x400.jpg]
[www.nationalparks.uk/app/uploads/2021/01/Loch-Lomond-13.-In-Balance-LLNP046-600x400.jpg]
[www.nationalparks.uk/app/uploads/2021/01/New-Forest-1.-landscape-panaroma-Autuminal-Hints-600x400.jpg]
[www.nationalparks.uk/app/uploads/2020/12/2Volunteering-for-the-Naitonal-Park-Esk-Valley-Camphill-Community-Credi...NYM_-600x400.jpg]
[www.nationalparks.uk/app/uploads/2021/01/Simonside-Hills-NNP-cDTaylor-600x400.jpg]
[www.nationalparks.uk/app/uploads/2021/01/20190425_105846-PEAK-DISTRICT-VOLUNTEERS-5-600x400.jpg]
[www.nationalparks.uk/app/uploads/2020/11/60-Barafundle-03-600x400.jpg]
[www.nationalparks.uk/app/uploads/2020/12/Snowdonia-volunteers1-600x400.jpg]
[www.nationalparks.uk/app/uploads/2021/01/Wilmington-21-06-2018-hi-res-8-600x400.jpg]
[www.nationalparks.uk/volunteering/index.html]
[www.nationalparks.uk/apprenticeships/index.html]
[www.nationalparks.uk/app/uploads/2020/10/Conic_23-1920x1080.jpg]
[www.nationalparks.uk/app/uploads/2020/10/Lake-District-CEO2-580x580.jpg]
[www.nationalparks.uk/app/uploads/2020/10/Conic_11-580x580.jpg]
[www.nationalparks.uk/app/uploads/2020/10/DNPA-best-place-to-experience-outdoors-580x580.jpg]
[www.nationalparks.uk/youth-awards/index.html]
[www.nationalparks.uk/app/uploads/2020/07/exmoor_exp_autumn_family_2018_mg_0307_FINAL-1600x1080.jpg]
[www.nationalparks.uk/app/uploads/2020/09/exmoor_exp_autumn_family_2018_mg_0604_FINAL-900x600.jpg]
[www.nationalparks.uk/app/uploads/2020/09/exmoor_exp_autumn_valley_of_rocks_2019_cf025190_FINAL-900x600.jpg]
[www.nationalparks.uk/app/uploads/2020/09/exmoor_exp_autumn_valley_of_rocks_2019_mg_8757_FINAL-900x600.jpg]
[www.nationalparks.uk/app/uploads/2020/09/Bellever-Tor-Walkers-KT-DNPA-210410-13-900x600.jpg]
[www.nationalparks.uk/app/uploads/2020/09/Eastern-Beacon-KT-DNPA-2014-87-900x600.jpg]
[www.nationalparks.uk/app/uploads/2020/09/BRAND-POINT-4-CAIRNGORMS-NP-Welcome-to-Loch-Morlich1283-900x600.jpg]
[www.nationalparks.uk/app/uploads/2020/09/BRAND-POINT-14-CAIRNGORMS-NP-family-walk-900x600.jpg]
[www.nationalparks.uk/app/uploads/2020/09/007-Dan-Cook-at-Haytor-danscape.co-1.jpg]
[www.nationalparks.uk/app/uploads/2020/09/071-900x600.jpg]
[www.nationalparks.uk/app/uploads/2020/09/preview-full-Lon-Gwyrfai-3-900x600.jpg]
[www.nationalparks.uk/app/uploads/2020/09/Licencing-Card-cover.jpg]
[www.nationalparks.uk/app/uploads/2020/10/GuidedWalkBrockhole-lrg-col-105.-Lake-District-National-Park-Thomas-Beecham-600x400.jpg]
[www.nationalparks.uk/app/uploads/2020/10/Yorkshire-Dales-Dog-walker-and-boots-600x400.jpg]
[www.nationalparks.uk/walking-in-national-parks/index.html]
[www.nationalparks.uk/2020/10/10/our-top-walks-in-national-parks/index.html]
[www.nationalparks.uk/2020/10/11/walking-your-dog-in-national-parks/index.html]
[www.nationalparks.uk/app/uploads/2020/10/BRAND-POINT-14-CAIRNGORMS-NP-bird-hide-4-1920x1080.jpg]
[www.nationalparks.uk/app/uploads/2020/10/CMJ0090-580x580.jpg]
[www.nationalparks.uk/app/uploads/2020/10/CMJ8740-4-1920x1080.jpg]
[www.nationalparks.uk/app/uploads/2020/10/CMJ2040-1920x1080.jpg]
[www.nationalparks.uk/app/uploads/2020/09/02.-KeyActivity-Thumbnail-01-Walking-1800X1200-1-900x600.jpg]
[www.nationalparks.uk/app/uploads/2020/10/Barn-Owl-FlyingTyto-alba-Craig-Jones-900x600.jpg]
[www.nationalparks.uk/app/uploads/2020/10/Craig-Jones-2.jpg]
[www.nationalparks.uk/app/uploads/2020/10/Craig-Jones-4-900x442.jpg]
[www.nationalparks.uk/app/uploads/2020/10/Craig-Jones-3-900x600.jpg]
[www.nationalparks.uk/app/uploads/2020/10/CMJ6108_filtered.jpg]
[www.nationalparks.uk/birdwatching-in-national-parks/index.html]
[www.nationalparks.uk/stargazing-in-national-parks/index.html]
[www.nationalparks.uk/photography-in-national-parks/index.html]
[www.nationalparks.uk/cycling-in-national-parks/index.html]
[www.nationalparks.uk/water-in-national-parks/index.html]
[www.nationalparks.uk/mindfulness-in-national-parks/index.html]
[www.nationalparks.uk/historic-attractions/index.html]
[www.nationalparks.uk/things-to-do-with-kids-in-the-national-parks/index.html]
[www.nationalparks.uk/running-in-national-parks/index.html]
[www.nationalparks.uk/app/uploads/2021/02/experiences-logo.svg]
[www.nationalparks.uk/contact-national-park-education-teams/index.html]
[www.nationalparks.uk/planning-a-visit/index.html]
[www.nationalparks.uk/teaching-resources/index.html]
[www.nationalparks.uk/net-zero-with-nature/index.html]
[www.nationalparks.uk/biodiversity/index.html]
[www.nationalparks.uk/habitats/index.html]
[www.nationalparks.uk/climate-change/index.html]
[www.nationalparks.uk/blog/page/2/index.html]
[www.nationalparks.uk/2021/12/23/inspired-by-nature-stuart-maconie/index.html]
[www.nationalparks.uk/app/uploads/2021/12/NFNPA-Dday-remnants-at-Lepe2231.jpg]
[www.nationalparks.uk/app/uploads/2021/12/Maria-Court-New-Forest-NPA-580x580.jpg]
[www.nationalparks.uk/app/uploads/2021/12/NFNPA-Lepe-Beach-visitor-centre-and-cafe9169.jpg]
[www.nationalparks.uk/2021/12/23/discovering-lepe-country-park/index.html]
[www.nationalparks.uk/app/uploads/2021/11/2016-03-02-11.21.38-1-copy-1920x1080.jpg]
[www.nationalparks.uk/app/uploads/2021/11/cSorayaAbdelHadi_eXXNP2-580x580.jpg]
[www.nationalparks.uk/2021/11/25/inspired-by-nature-soraya-abdel-hadi/index.html]
[www.nationalparks.uk/app/uploads/2021/11/Catriona-Manders-1-scaled-e1637839776738-1920x1080.jpg]
[www.nationalparks.uk/app/uploads/2021/11/Catriona-Manders-3-580x580.jpg]
[www.nationalparks.uk/2021/11/25/inspired-by-nature-junior-ranger-catriona-manders/index.html]
[www.nationalparks.uk/app/uploads/2021/10/Yorkshire-Dales-Kids-at-Malham-Beck-learning.-Credit-Stephen-Garnett-Photography.jpg]
[www.nationalparks.uk/2021/11/16/press-release-uk-national-parks-education-travel-fund-given-a-boost-by-epam-systems/index.html]
[www.nationalparks.uk/app/uploads/2021/10/Ifor-Ap-Glyn-filming-1920x1080.jpg]
[www.nationalparks.uk/app/uploads/2021/10/Ifor-ap-Glyn-colour-580x580.jpg]
[www.nationalparks.uk/2021/11/09/inspired-by-nature-ifor-ap-glyn/index.html]
[www.nationalparks.uk/app/uploads/2021/10/Kike-Agunbiade-1.jpg]
[www.nationalparks.uk/app/uploads/2021/10/Kike-Agunbiade-2-580x580.jpg]
[www.nationalparks.uk/2021/11/09/inspired-by-nature-kike-agunbiade/index.html]
[www.nationalparks.uk/app/uploads/2021/08/Northumberland-On-The-Water-Coquet-1920x1080.jpg]
[www.nationalparks.uk/2021/11/08/press-release-the-estee-lauder-companies-uk-ireland-announces-500000-commitment-to-restoration-of-uks-national-parks/index.html]
[www.nationalparks.uk/app/uploads/2021/03/visitscotland_38724035412-1920x1080.jpg]
[www.nationalparks.uk/2021/11/05/press-release-protected-and-conserved-areas/index.html]
[www.nationalparks.uk/npp-health-wellbeing-partner/index.html]
[www.nationalparks.uk/npp-licensing/index.html]
[www.nationalparks.uk/app/uploads/2020/09/columbia-rain-1920x1080.jpg]
[www.nationalparks.uk/app/uploads/2020/09/NNPA5-580x580.jpg]
[www.nationalparks.uk/app/uploads/2020/09/ld-ranger-boat.jpg]
[www.nationalparks.uk/app/uploads/2020/09/ld-ranger-pathrepair.jpg]
[www.nationalparks.uk/app/uploads/2020/09/I9W4418-copy-900x600.jpg]
[www.nationalparks.uk/npp-columbia/index.html]
[www.nationalparks.uk/app/uploads/2020/10/NYM_Veteran-tree_Lime-NYMNP.jpg]
[www.nationalparks.uk/app/uploads/2020/10/Brecon-Beacons_Billie-Charity-Photography-580x580.jpg]
[www.nationalparks.uk/app/uploads/2020/10/Cairngorms-NPA_nest_Hayley-Wiswell-580x580.jpg]
[www.nationalparks.uk/app/uploads/2020/10/Dartmoor-NPA_Dormouse_C-Edwards-580x580.jpg]
[www.nationalparks.uk/app/uploads/2020/10/Loch-Lomond-2020-NPP-Clif-Bars-project-information-sheet-1.jpg]
[www.nationalparks.uk/app/uploads/2020/10/NYM_Brown-long-eared-bat_credit-John-Altringham-580x580.jpg]
[www.nationalparks.uk/npp-clif/index.html]
[www.nationalparks.uk/app/uploads/2020/10/forest-hols10-1920x1080.jpg]
[www.nationalparks.uk/app/uploads/2020/10/forest-hols-2-900x600.jpg]
[www.nationalparks.uk/app/uploads/2020/10/Forest-hols-900x600.jpg]
[www.nationalparks.uk/app/uploads/2020/10/forest-hols6-900x600.jpg]
[www.nationalparks.uk/app/uploads/2020/10/forest-hols7-900x600.jpg]
[www.nationalparks.uk/app/uploads/2020/10/forest-hols9-900x600.jpg]
[www.nationalparks.uk/app/uploads/2020/10/forest-hols10-900x600.jpg]
[www.nationalparks.uk/app/uploads/2020/10/Pepper1.jpg]
[www.nationalparks.uk/app/uploads/2020/10/rura-skils5-900x600.jpg]
[www.nationalparks.uk/app/uploads/2020/10/rural-skills-3-900x600.jpg]
[www.nationalparks.uk/app/uploads/2020/10/Rural-skills-bushcraft-900x600.jpg]
[www.nationalparks.uk/app/uploads/2020/10/Rural-skills-invasive-species-stall-900x600.jpg]
[www.nationalparks.uk/app/uploads/2020/10/rural-skills4-900x600.jpg]
[www.nationalparks.uk/app/uploads/2020/10/den-building-900x600.jpg]
[www.nationalparks.uk/npp-forest-holidays/index.html]
[www.nationalparks.uk/app/uploads/2020/09/hd_sykes-page-banner-1920x667.jpg]
[www.nationalparks.uk/app/uploads/2020/10/sykes-580x580.jpg]
[www.nationalparks.uk/app/uploads/2020/09/sykes3.jpg]
[www.nationalparks.uk/app/uploads/2020/09/sykes4.jpg]
[www.nationalparks.uk/app/uploads/2020/09/Sykes-1.jpg]
[www.nationalparks.uk/app/uploads/2020/09/sykes5.jpg]
[www.nationalparks.uk/app/uploads/2020/10/Screenshot-2020-10-07-at-15.07.09-900x600.png]
[www.nationalparks.uk/app/uploads/2020/10/Screenshot-2020-10-07-at-15.06.04-900x600.png]
[www.nationalparks.uk/app/uploads/2020/09/hd_sykes-page-banner-900x600.jpg]
[www.nationalparks.uk/npp-sykes/index.html]
[www.nationalparks.uk/app/uploads/2020/09/Cooper-Dicky-Bag-NFNPA-sign-1920x1080.jpg]
[www.nationalparks.uk/app/uploads/2020/09/dicky-bages-page--580x580.jpg]
[www.nationalparks.uk/npp-dicky-bags/index.html]
[www.nationalparks.uk/app/uploads/2020/10/NET-ZERO-image-card-cover.jpg]
[www.nationalparks.uk/app/uploads/2020/10/forest-hols6-580x580.jpg]
[www.nationalparks.uk/app/uploads/2020/10/Dartmoor_Dormouse2_C-Edwards-580x580.jpg]
[www.nationalparks.uk/uknationalparksfoundation/index.html]
[www.nationalparks.uk/app/uploads/2020/07/Welcome-to-Dartmoor-FINAL.html]
[www.nationalparks.uk/app/uploads/2020/07/The-New-Forest-a-unique-landscape.html]
[www.nationalparks.uk/app/uploads/2020/07/Discover-our-dark-skies.html]
[www.nationalparks.uk/app/uploads/2020/07/Yorkshire-Dales-National-Park-Film.html]
[www.nationalparks.uk/park/broads-2/index.html]
[www.nationalparks.uk/park/snowdonia-2/index.html]
[www.nationalparks.uk/park/south-downs-2/index.html]
[www.nationalparks.uk/app/uploads/2020/07/dartmoor.svg]
[www.nationalparks.uk/app/uploads/2020/07/exmoor.svg]
[www.nationalparks.uk/app/uploads/2020/10/lake_district.svg]
[www.nationalparks.uk/app/uploads/2021/01/Yorkshire-Dales-Boardwalk-to-Pen-y-ghent-600x400.jpg]
[www.nationalparks.uk/app/uploads/2021/03/NYM-NPA-Apprentice-group-photo-on-Cleveland-Way-Sign-580x525.jpg]
[www.nationalparks.uk/app/uploads/2020/07/NNP-Walltown-Crags-Hadrians-Wall-c-David-Taylor-NNP-1920x1080.jpg]
[www.nationalparks.uk/app/uploads/2021/03/NYM-NPA-Apprentices-dry-stone-walling-600x394.jpg]
[www.nationalparks.uk/app/uploads/2020/10/Yorkshire-Dales-Apprentices-mending-drystone-walls-1920x1080.jpg]
[www.nationalparks.uk/app/uploads/2021/03/NYM-NPA-Apprentice-bridge-building-at-Ingleby-Greenhow-580x394.jpg]
[www.nationalparks.uk/app/uploads/2021/03/EDIT-NYM-NPA-Apprentices-bridge-building-600x400.jpg]
[www.nationalparks.uk/app/uploads/2021/03/EDIT-NYM-NPA-Apprentices-cutting-back-gorse-600x400.jpg]
[www.nationalparks.uk/app/uploads/2020/10/exmoor_exp_autumn_family_2018_mg_0473_FINAL-1920x1080.jpg]
[www.nationalparks.uk/app/uploads/2020/10/exmoor_exp_autumn_family_2018_mg_0277_FINAL-1920x1080.jpg]
[www.nationalparks.uk/2020/10/10/our-top-walks-in-national-parks/index.html]
[www.nationalparks.uk/app/uploads/2020/10/Yorkshire-Dales-Dog-walker-and-boots-1920x1080.jpg]
[www.nationalparks.uk/app/uploads/2020/10/preview-full-Lon-Gwyrfai-3-580x580.jpg]
[www.nationalparks.uk/app/uploads/2020/10/South-Downs-RS3125_sdnp-june14-0771-580x580.jpg]
[www.nationalparks.uk/app/uploads/2020/10/New-Forest-2.best-places-to-experience-the-outdoors-Forest_2018_shoot_140-580x580.jpg]
[www.nationalparks.uk/2020/10/11/walking-your-dog-in-national-parks/index.html]
[www.nationalparks.uk/app/uploads/2020/10/CMJ6108_filtered.jpg]
[www.nationalparks.uk/app/uploads/2020/10/Stargazers-Winter-©-Michael-Sinclair-LR.jpg]
[www.nationalparks.uk/app/uploads/2020/07/Byland-Abbey-and-the-Milky-Way-Credit-Steve-Bell-resized-600x400.jpg]
[www.nationalparks.uk/app/uploads/2020/10/Brecon-Beacons-Sinclair-M-Talybont-Reservoir-Dark-Skies-SRGB-print-120210-600x400.jpg]
[www.nationalparks.uk/app/uploads/2021/01/Vibrant-Milky-Way-over-Norber-Ridge-by-Matt-Gibson-YDNP--600x400.jpg]
[www.nationalparks.uk/app/uploads/2020/10/NNP-Sycamore-Gap-Hadrians-Wall-cCain-Scrimgeour-NNP-600x400.jpg]
[www.nationalparks.uk/app/uploads/2020/10/Brecon-Beacons-Sinclair-M-Llanthony-Priory-SRGB-print-120210-1920x1080.jpg]
[www.nationalparks.uk/app/uploads/2021/01/Vibrant-Milky-Way-over-Norber-Ridge-by-Matt-Gibson-YDNP--1500x429.jpg]
[www.nationalparks.uk/dark-skies/index.html]
[www.nationalparks.uk/app/uploads/2020/07/NYork-Moors-1.-Landscape-Pano-Roseberry-Topping_Mike-Kipling-1920x1080.jpg]
[www.nationalparks.uk/app/uploads/2020/10/Yorkshire-Dales-Mist-over-Pen-y-ghent-580x580.jpg]
[www.nationalparks.uk/app/uploads/2020/07/28108039929_432a075bc5_o-900x600.jpg]
[www.nationalparks.uk/app/uploads/2020/09/LD-columbia-ranger-1.jpg]
[www.nationalparks.uk/app/uploads/2020/09/NET-ZERO-image-card-cover-900x600.jpg]
[www.nationalparks.uk/app/uploads/2020/09/Licencing-Card-cover-900x600.jpg]
[www.nationalparks.uk/app/uploads/2020/10/Long-Crags-and-Cheviot-NNP-cDTaylor-1920x1080.jpg]
[www.nationalparks.uk/app/uploads/2020/10/Cairngorms-Glen-Feshie-David-Russell-900x600.jpg]
[www.nationalparks.uk/app/uploads/2020/10/NYM-015-Port-Mulgrave-Steps-edit-1920x1080.jpg]
[www.nationalparks.uk/app/uploads/2020/09/02.-KeyActivity-Thumbnail-01-Walking-1800X1200-1800x1080.jpg]
[www.nationalparks.uk/app/uploads/2020/09/Cycling_Broads_npuk-1-of-1-1920x1080.jpg]
[www.nationalparks.uk/app/uploads/2020/09/Seven-Sisters-Benjamin-Davies-1600x1080.png]
[www.nationalparks.uk/app/uploads/2020/09/Key_activity_cycling-580x580.jpg]
[www.nationalparks.uk/app/uploads/2020/09/02.-KeyActivity-Thumbnail-03-Beaches-1800X1200-1800x1080.jpg]
[www.nationalparks.uk/app/uploads/2020/09/06.-Getting-Around-1600x1600-1-900x600.jpg]
[www.nationalparks.uk/app/uploads/2020/09/01.-Main-Thumbnail-image-1800X1200-900x600.jpg]
[www.nationalparks.uk/app/uploads/2020/09/Meon-Trail-cyclists-1800-x-1200-580x580.png]
[www.nationalparks.uk/app/uploads/2020/09/Getting_Around_Responsible-1600x1080.jpg]
[www.nationalparks.uk/app/uploads/2020/09/04.-Infinite-Gallery-Tenby-1800x1200-1-1800x1080.jpg]
[www.nationalparks.uk/app/uploads/2021/08/LLTT-on-the-water-lltnp.jpg]
[www.nationalparks.uk/app/uploads/2021/08/original-copy-686-687-scaled-e1629903649279-1971x429.jpg]
[www.nationalparks.uk/app/uploads/2021/08/Brecon-Beacons-easton_llangorse_lake-600x400.png]
[www.nationalparks.uk/water-safety-in-national-parks/index.html]
[www.nationalparks.uk/app/uploads/2021/08/i9jmh5cay8696ano-600x400.jpeg]
[www.nationalparks.uk/app/uploads/2021/08/N-Yorks-Saltburn-surfers-at-sunset-Credit-Colin-Carter_NYMNPA-600x400.jpg]
[www.nationalparks.uk/app/uploads/2021/08/Northumberland-On-The-Water-2-600x400.jpg]
[www.nationalparks.uk/app/uploads/2021/08/Snowdonia-On-The-Water-Kayak-©APCE-600x400.jpg]
[www.nationalparks.uk/app/uploads/2021/08/Brecon-Beacons-85220-900x600.jpg]
[www.nationalparks.uk/app/uploads/2021/08/Brecon-Beacons-Canoe-on-river-wye-scaled.jpg]
[www.nationalparks.uk/app/uploads/2021/09/semerwater-lake-600x400.jpg]
[www.nationalparks.uk/app/uploads/2021/08/N-Yorks-Saltburn-surfers-at-sunset-Credit-Colin-Carter_NYMNPA-900x600.jpg]
[www.nationalparks.uk/app/uploads/2021/08/Brecon-Beacons-Talyboont-on-usk-canal-scaled.jpg]
[www.nationalparks.uk/app/uploads/2021/08/N-Yorks-Surfing-at-Sandsend-Credit-Tony-Bartholomew_NYMNP-2-900x600.jpg]
[www.nationalparks.uk/app/uploads/2021/08/Northumberland-On-The-Water-Coquet-900x600.jpg]
[www.nationalparks.uk/app/uploads/2021/08/Northumberland-On-The-Water-Breamish-900x600.jpg]
[www.nationalparks.uk/app/uploads/2021/08/original-copy-691-692-1-scaled.jpg]
[www.nationalparks.uk/app/uploads/2021/08/Northumberland-On-The-Water-2-900x600.jpg]
[www.nationalparks.uk/app/uploads/2021/08/LLTT-mindfulness-lltnp.jpg]
[www.nationalparks.uk/app/uploads/2021/08/New-Forest-leaves-autumn-600x400.jpg]
[www.nationalparks.uk/app/uploads/2021/08/Northumberland-Mindfulness-600x400.jpg]
[www.nationalparks.uk/app/uploads/2021/08/N-Yorks-Wellbeing-by-Dependable-ProductionsNYMNP-4-600x400.jpg]
[www.nationalparks.uk/app/uploads/2021/08/Yorkshire-Dales-Water-Cotter-Force.-Credit-Yorkshire-Dales-National-Park-600x400.jpg]
[www.nationalparks.uk/app/uploads/2021/08/Yorkshire-Dales-Mindful-Horse-riders-on-Pennine-Bridleway-Credit-Paul-Harris.jpg]
[www.nationalparks.uk/app/uploads/2021/08/Yorkshire-Dales-Water-1-Credit-Paul-Harris.jpg]
[www.nationalparks.uk/app/uploads/2021/08/Northumberland-Get-Active-Walks-To-Wellbeing-2-900x600.jpg]
[www.nationalparks.uk/app/uploads/2021/08/N-Yorks-Wellbeing-by-Dependable-ProductionsNYMNP-2-e1629882492714-900x600.jpg]
[www.nationalparks.uk/app/uploads/2021/08/New-Forest-Faerie-fungus-by-Sarah-Fox-900x600.jpg]
[www.nationalparks.uk/app/uploads/2021/08/Northumberland-Mindfulness-900x600.jpg]
[www.nationalparks.uk/app/uploads/2021/08/Northumberland-Get-Active-Walks-To-Wellbeing-900x600.jpg]
[www.nationalparks.uk/app/uploads/2021/08/New-Forest-Amethyst-deceiver-by-Peter-LeCointe-900x600.jpg]
[www.nationalparks.uk/app/uploads/2021/08/Yorkshire-Dales-Mindful-Cobbled-streets-of-Dent-Credit-Dan-Cook.jpg]
[www.nationalparks.uk/app/uploads/2021/08/New-Forest-leaves-autumn-900x600.jpg]
[www.nationalparks.uk/app/uploads/2021/08/N-Yorks-Wellbeing-by-Dependable-ProductionsNYMNP-2-e1629882492714-580x580.jpg]
[www.nationalparks.uk/app/uploads/2021/07/Brecon-Beacons-Dan-Santillo-Tretower-1920x1080.jpg]
[www.nationalparks.uk/app/uploads/2021/07/Brecon-Beacons-Hepburn-Carreg-Cennen-600x400.jpg]
[www.nationalparks.uk/app/uploads/2020/09/26015331388_02f36518e0_z-600x400.jpg]
[www.nationalparks.uk/app/uploads/2021/07/Northumberland-Castles-Monuments-3-1-600x400.jpg]
[www.nationalparks.uk/app/uploads/2021/07/LLTT-monuments-lltnp-600x400.jpg]
[www.nationalparks.uk/app/uploads/2021/07/Snowdonia-Castles-and-Monuments-Harlech-Castle©VW-600x400.jpg]
[www.nationalparks.uk/app/uploads/2021/07/Yorkshire-Dales-Pendragon-Castle-Credit-Paul-Harris-600x400.jpg]
[www.nationalparks.uk/app/uploads/2021/07/Brecon-Beacons-Dan-Santillo-Hay-Castle-900x600.jpg]
[www.nationalparks.uk/app/uploads/2021/07/Brecon-Beacons-Dan-Santillo-Tretower-900x600.jpg]
[www.nationalparks.uk/app/uploads/2021/07/Northumberland-Castles-Monuments-900x600.jpg]
[www.nationalparks.uk/app/uploads/2020/10/New-Forest-15.Macro-pic-Rhinefield_01-600x400.jpg]
[www.nationalparks.uk/app/uploads/2021/07/Northumberland-Castles-Monuments-3-1-900x600.jpg]
[www.nationalparks.uk/app/uploads/2021/07/Snowdonia-Pont-y-Pandy-©Dilwyn-Williams-900x600.jpg]
[www.nationalparks.uk/app/uploads/2021/07/Snowdonia-Castles-and-Monuments-Harlech-Castle©VW-900x600.jpg]
[www.nationalparks.uk/app/uploads/2021/07/Yorkshire-Dales-Pendragon-Castle-Credit-Paul-Harris.jpg]
[www.nationalparks.uk/app/uploads/2021/07/Northumberland-Castles-Monuments-2-580x580.jpg]
[www.nationalparks.uk/app/uploads/2021/08/Peaks-untitled-4-1920x1080.jpg]
[www.nationalparks.uk/app/uploads/2021/07/Brecon-Beacons-Hepburn-Carreg-Cennen-scaled.jpg]
[www.nationalparks.uk/app/uploads/2021/08/Peaks-untitled-4-900x600.jpg]
[www.nationalparks.uk/app/uploads/2021/08/N-Yorks-Boggle-Hole-fossil-hunting-with-Hidden-Horizons-Credit-Tony-Bartholomew_NYMNP-10-900x600.jpg]
[www.nationalparks.uk/app/uploads/2021/08/Peaks-untitled-1-900x600.jpg]
[www.nationalparks.uk/app/uploads/2021/08/LLTT-things-to-do-with-kids-lttnp-900x600.jpg]
[www.nationalparks.uk/app/uploads/2021/08/N-York-Boggle-Hole-fossil-hunting-with-Hidden-Horizons-Credit-Tony-Bartholomew_NYMNP-8-900x600.jpg]
[www.nationalparks.uk/app/uploads/2021/08/Northumberland-On-The-Water-_-Things-to-do-with-Kids-900x600.jpg]
[www.nationalparks.uk/app/uploads/2021/08/Peaks-untitled-6-900x600.jpg]
[www.nationalparks.uk/app/uploads/2021/08/Peaks-untitled-7-900x600.jpg]
[www.nationalparks.uk/app/uploads/2021/08/N-Yorks-Sutton-Bank-pump-track-Credit-Jan-Janiurek-2-scaled.jpg]
[www.nationalparks.uk/app/uploads/2021/08/Peaks-untitled-4-600x400.jpg]
[www.nationalparks.uk/app/uploads/2020/09/Brecon-Beacons-Billie-Charity-BBNPA-600x400.jpg]
[www.nationalparks.uk/app/uploads/2021/08/N-Yorks-Sutton-Bank-pump-track-Credit-Jan-Janiurek-2-600x400.jpg]
[www.nationalparks.uk/app/uploads/2021/10/Ffestiniog-Railway-Snowdonia-14-copy-600x400.jpg]
[www.nationalparks.uk/app/uploads/2021/08/LLTT-things-to-do-with-kids-lttnp-1-600x400.jpg]
[www.nationalparks.uk/app/uploads/2021/08/Northumberland-On-The-Water-_-Things-to-do-with-Kids-1-600x400.jpg]
[www.nationalparks.uk/app/uploads/2021/10/Bewilderwood2-600x400.jpg]
[www.nationalparks.uk/app/uploads/2021/08/Peaks-untitled-6-580x580.jpg]
[www.nationalparks.uk/app/uploads/2021/08/Northumberland-Running_-Two-on-the-Trails-1920x1080.jpg]
[www.nationalparks.uk/app/uploads/2021/08/Northumberland-Running_-Two-on-the-Trails-900x600.jpg]
[www.nationalparks.uk/app/uploads/2021/08/Northumberland-Running_-Two-on-the-Trails-2-900x600.jpg]
[www.nationalparks.uk/app/uploads/2021/08/Yorkshire-Dales-Fell-running-in-YD-2-Credit-Paul-Harris.jpg]
[www.nationalparks.uk/app/uploads/2021/08/Northumberland-Running_-900x600.jpg]
[www.nationalparks.uk/app/uploads/2021/08/Yorkshire-Dales-Fell-running-in-Yorkshire-Dales-credit-Paul-Harris.jpg]
[www.nationalparks.uk/app/uploads/2021/08/LLTT-running-lltnp-600x400.jpg]
[www.nationalparks.uk/app/uploads/2021/08/Yorkshire-Dales-Fell-running-in-YD-Credit-Paul-Harris.jpg]
[www.nationalparks.uk/app/uploads/2021/08/Northumberland-Running_-Two-on-the-Trails-600x400.jpg]
[www.nationalparks.uk/app/uploads/2020/09/AdobeStock_114223387-600x400.jpeg]
[www.nationalparks.uk/app/uploads/2020/10/Ranger-with-school-children-1920x1080.jpg]
[www.nationalparks.uk/app/uploads/2020/07/NYork-Moors-1.-Landscape-Pano-Roseberry-Topping_Mike-Kipling-600x400.jpg]
[www.nationalparks.uk/app/uploads/2021/08/Yorkshire-Dales-Fell-running-in-Yorkshire-Dales-credit-Paul-Harris-600x400.jpg]
[www.nationalparks.uk/app/uploads/2020/10/NickEducationBroads2-600x400.jpg]
[www.nationalparks.uk/app/uploads/2020/10/BRAND-POINT-15-CAIRNGORMS-NP-Girls-with-bug-jar4272-600x400.jpg]
[www.nationalparks.uk/app/uploads/2020/10/Lake-District-CEO5-600x400.jpg]
[www.nationalparks.uk/app/uploads/2020/09/New-Forest-7.We-inspire-care-Priestlands_Forest_47-600x400.jpg]
[www.nationalparks.uk/app/uploads/2020/07/exmoor_exp_dark_skies_2018_exmoor_exp_dark_skies_2018__mg_8894_final_FINAL_WEB-600x400.jpg]
[www.nationalparks.uk/app/uploads/2020/07/North-Yorkshire-Moors-Railway-heritage-steam-train-resized-600x400.jpg]
[www.nationalparks.uk/app/uploads/2020/07/Hadrians-Wall-in-Northumberland-National-Park-600x400.jpg]
[www.nationalparks.uk/app/uploads/2020/07/Infinite-gallery-5-600x400.jpg]
[www.nationalparks.uk/app/uploads/2020/09/Danddaear-©VW-600x400.jpg]
[www.nationalparks.uk/app/uploads/2020/10/South-Downs-RS3927_IMG_5609-600x400.jpg]
[www.nationalparks.uk/app/uploads/2020/07/8.-Kids-lunching-Stephen-Garnett--600x400.jpg]
[www.nationalparks.uk/app/uploads/2020/09/CLMDSC03388-1920x1080.jpg]
[www.nationalparks.uk/app/uploads/2020/10/Yorkshire-Dales-Janets-Foss-2000x429.jpg]
[www.nationalparks.uk/app/uploads/2020/10/Education3-600x400.jpg]
[www.nationalparks.uk/app/uploads/2020/10/South-Downs-RS3317_sdnp-july14-1722-600x400.jpg]
[www.nationalparks.uk/2020/10/13/fieldwork-and-education-in-the-broads/index.html]
[www.nationalparks.uk/app/uploads/2020/09/Fulking-Escarpment-Jamie-Fielding-1800x1080.png]
[www.nationalparks.uk/2020/10/13/are-children-in-tune-with-the-nature-pyramid/index.html]
[www.nationalparks.uk/app/uploads/2020/10/NickEducationBroads-600x400.jpg]
[www.nationalparks.uk/2020/10/13/kit-list-for-students-and-teachers/index.html]
[www.nationalparks.uk/app/uploads/2020/10/Key-Facts-and-Figures-for-the-15-UK-National-Parks.pdf]
[www.nationalparks.uk/app/uploads/2020/09/02.-KeyActivity-Thumbnail-03-Beaches-1800X1200-580x580.jpg]
[www.nationalparks.uk/app/uploads/2020/10/Pembrokeshire-STRUMBLE-HEAD-LIGHT-HOUSE-3-600x400.jpg]
[www.nationalparks.uk/app/uploads/2020/10/Map-NationalParks-nonames-2016.pdf]
[www.nationalparks.uk/app/uploads/2020/10/Map-NationalParks-names-2016.pdf]
[www.nationalparks.uk/app/uploads/2020/07/Infinite-Gallery-Cheviots-Image-600x400.jpg]
[www.nationalparks.uk/app/uploads/2020/09/RS1163_58-Harting-Sunset-scr-600x400.jpg]
[www.nationalparks.uk/app/uploads/2020/10/Tourism-in-UK-National-Parks-Information-sheet.pdf]
[www.nationalparks.uk/app/uploads/2021/02/Map-of-UK-National-Parks-–-with-cities-and-motorways.pdf]
[www.nationalparks.uk/app/uploads/2021/01/003-Haytor-Sunrise-danscape.co_-600x400.jpg]
[www.nationalparks.uk/app/uploads/2020/10/History-of-the-15-UK-National-Parks-Activity-sheet.pdf]
[www.nationalparks.uk/app/uploads/2020/09/Boating_Broads_npuk-1-of-1-600x400.jpg]
[www.nationalparks.uk/app/uploads/2020/10/National-Parks-are-protected-areas-Information-sheet.pdf]
[www.nationalparks.uk/app/uploads/2020/10/iStock-846846978-LR-600x400.jpg]
[www.nationalparks.uk/app/uploads/2020/09/Net-zero-hero-banner-Broads_Dredger-at-Hickling.jpg.jpg]
[www.nationalparks.uk/app/uploads/2021/04/Dartmoor-Peatland-2000x429.jpeg]
[www.nationalparks.uk/app/uploads/2021/04/New-Fprest-Aquatic-Habitats-600x400.jpeg]
[www.nationalparks.uk/app/uploads/2021/04/Cairngorms-Peatland-Restoration-768x576-1-600x400.jpg]
[www.nationalparks.uk/app/uploads/2021/04/Dartmoor-Peatland-600x400.jpeg]
[www.nationalparks.uk/app/uploads/2021/04/Dales-River-3-Newbiggin-Beck-closer-up-600x400.jpg]
[www.nationalparks.uk/app/uploads/2021/02/Cissbury-Ring-by-Jamie-Fielding-2000x429.jpg]
[www.nationalparks.uk/app/uploads/2020/09/04.-Infinite-Gallery-Strumble-Head-1800x1200-1-1800x1080.jpg]
[www.nationalparks.uk/app/uploads/2020/09/04.-Infinite-Gallery-Tenby-1800x1200-1-580x580.jpg]
[www.nationalparks.uk/app/uploads/2020/09/02.-KeyActivity-Thumbnail-02-Wildlife-1800X1200-580x580.jpg]
[www.nationalparks.uk/app/uploads/2020/09/Infinite_red_deer-580x580.jpg]
[www.nationalparks.uk/app/uploads/2020/10/TrinityBroads-600x400.jpg]
[www.nationalparks.uk/app/uploads/2020/10/Brecon-Beacons-Botwood-M-Corn-Du-Evening-600x400.jpg]
[www.nationalparks.uk/app/uploads/2020/10/New-Forest-1.-landscape-panaroma-Rockford-Flare-600x400.jpg]
[www.nationalparks.uk/app/uploads/2020/09/Infinite_watervole-1800x1080.jpg]
[www.nationalparks.uk/app/uploads/2020/09/Infinite_blackgrouse-580x580.jpg]
[www.nationalparks.uk/app/uploads/2020/07/Broads-NP_28-580x580.jpg]
[www.nationalparks.uk/app/uploads/2020/09/Key_activity_wildlife_watching-580x580.jpg]
[www.nationalparks.uk/app/uploads/2020/09/04.-Infinite-Gallery-St-Govans-1800x1200-1-1800x1080.jpg]
[www.nationalparks.uk/app/uploads/2020/10/Yorkshire-Dales-Barn-and-wildflower-haymeadow-1920x1080.jpg]
[www.nationalparks.uk/app/uploads/2020/10/test2-600x400.jpg]
[www.nationalparks.uk/app/uploads/2020/10/olena-sergienko-3BlVILvh9hM-unsplash-600x400.jpg]
[www.nationalparks.uk/app/uploads/2020/10/Cairngorms-Glen-Feshie-David-Russell-600x400.jpg]
[www.nationalparks.uk/app/uploads/2020/09/Net-zero-hero-banner-Broads_Dredger-at-Hickling.jpg-580x580.jpg]
[www.nationalparks.uk/app/uploads/2020/10/Snowdonia-inspiration1-580x580.jpg]
[www.nationalparks.uk/app/uploads/2020/09/04.-Infinite-Gallery-St-Govans-1800x1200-1-580x580.jpg]
[www.nationalparks.uk/app/uploads/2021/10/Restoring-bare-peat-in-the-Cairngorms-C-Cairngorms-NPA-600x400.jpg]
[www.nationalparks.uk/blog/page/3/index.html]
[www.nationalparks.uk/2021/10/08/press-release-uks-15-national-parks-release-joint-statement-on-climate-change-in-lead-up-to-cop-26/index.html]
[www.nationalparks.uk/app/uploads/2021/10/GlenmullieDrainBlockingSmall-600x400.jpg]
[www.nationalparks.uk/app/uploads/2021/10/DJWC3184-6827-600x400.jpg]
[www.nationalparks.uk/2021/10/06/press-release-major-global-companies-to-fund-vital-nature-restoration-projects-in-the-uks-national-parks-through-innovative-new-financing-facility/index.html]
[www.nationalparks.uk/app/uploads/2021/09/Will-BANNER-600x400.jpg]
[www.nationalparks.uk/2021/10/05/press-release-santander-becomes-a-founding-partner-for-national-parks-nature-restoration-initiative-net-zero-with-nature/index.html]
[www.nationalparks.uk/app/uploads/2021/09/Dr-Sheree-Mack-1-600x400.jpg]
[www.nationalparks.uk/2021/09/30/discovering-spitchwick/index.html]
[www.nationalparks.uk/app/uploads/2021/09/AB-1-600x400.jpg]
[www.nationalparks.uk/2021/09/30/inspired-by-nature-dr-sheree-mack/index.html]
[www.nationalparks.uk/2021/09/30/inspired-by-nature-abbie-barnes/index.html]
[www.nationalparks.uk/app/uploads/2021/09/App-Screenshots-600x400.png]
[www.nationalparks.uk/2021/09/15/press-release-national-parks-elements/index.html]
[www.nationalparks.uk/app/uploads/2021/08/pemb-Feature-Ruined-cottage-in-Little-Milford-600x400.jpg]
[www.nationalparks.uk/2021/08/26/discovering-daugleddau-estuary/index.html]
[www.nationalparks.uk/app/uploads/2021/08/penny-b-pic2-600x400.jpg]
[www.nationalparks.uk/app/uploads/2021/12/Stuart-Maconie-image-copyright-Country-Walking-CW0191-1920x1080.jpg]
[www.nationalparks.uk/app/uploads/2021/12/Stuart-Maconie-image-copyright-Country-Walking-Magazine-580x580.jpg]
[www.nationalparks.uk/2021/08/26/inspired-by-nature-penny-batchelor/index.html]
[www.nationalparks.uk/app/uploads/2021/01/Vibrant-Milky-Way-over-Norber-Ridge-by-Matt-Gibson-YDNP-.jpg]
[www.nationalparks.uk/app/uploads/2020/10/Brecon-Beacons-Sinclair-M-Llanthony-Priory-SRGB-print-120210-600x400.jpg]
[www.nationalparks.uk/app/uploads/2020/10/Hero-Image-lr-600x400.jpg]
[www.nationalparks.uk/app/uploads/2020/10/Pembrokeshire-1_Pentre-Ifan-3-1-1920x1080.jpg]
[www.nationalparks.uk/dark-skies/index.html]
[www.nationalparks.uk/app/uploads/2021/08/original-copy-686-687-scaled-e1629903649279-1920x1080.jpg]
[www.nationalparks.uk/app/uploads/2021/08/original-copy-686-687-scaled-e1629903649279-600x400.jpg]
[www.nationalparks.uk/app/uploads/2021/09/Haweswater-Andrew-Locking2-600x400.jpg]
[www.nationalparks.uk/water-safety-in-national-parks/index.html]
[www.nationalparks.uk/app/uploads/2020/10/Education2-1920x1080.jpg]
[www.nationalparks.uk/app/uploads/2020/10/Education1-580x580.jpg]
[www.nationalparks.uk/app/uploads/2020/10/Education3-580x436.jpg]
[www.nationalparks.uk/app/uploads/2020/10/Ranger-with-school-children-580x580.jpg]
[www.nationalparks.uk/app/uploads/2020/10/Education2-580x580.jpg]
[www.nationalparks.uk/app/uploads/2020/10/carers.jpg]
[www.nationalparks.uk/2020/10/13/fieldwork-and-education-in-the-broads/index.html]
[www.nationalparks.uk/app/uploads/2020/10/South-Downs-RS3128_sdnp-june14-0849-1920x1080.jpg]
[www.nationalparks.uk/app/uploads/2020/10/South-Downs-RS3272_sdnp-july14-0679-1920x1080.jpg]
[www.nationalparks.uk/app/uploads/2020/10/South-Downs-RS3317_sdnp-july14-1722-580x580.jpg]
[www.nationalparks.uk/app/uploads/2020/10/image003.jpg]
[www.nationalparks.uk/2020/10/13/are-children-in-tune-with-the-nature-pyramid/index.html]
[www.nationalparks.uk/app/uploads/2020/10/NickEducationBroads-1920x1080.jpg]
[www.nationalparks.uk/app/uploads/2020/10/NickEducationBroads5-580x580.jpg]
[www.nationalparks.uk/app/uploads/2020/10/NickEducationBroads2-580x580.jpg]
[www.nationalparks.uk/app/uploads/2020/10/South-Downs-RS3145_sdnp-june14-3449-580x580.jpg]
[www.nationalparks.uk/app/uploads/2020/10/MKP_2640-1920x1080.jpg]
[www.nationalparks.uk/2020/10/13/kit-list-for-students-and-teachers/index.html]
[www.nationalparks.uk/uk-national-parks-teaching-resource]
[www.nationalparks.uk/uk-national-parks-teaching-resource/index.html]
[www.nationalparks.uk/app/uploads/2021/08/TGO_Sally_Gunnell_300621_109_web_res-600x400.jpg]
[www.nationalparks.uk/app/uploads/2021/08/TGO_Activate_Sally_Gunnell_National_Parks_070721_041_web_res-600x400.jpg]
[www.nationalparks.uk/2021/08/26/press-release-national-parks-the-great-outdoor-workout/index.html]
[www.nationalparks.uk/blog/page/4/index.html]
[www.nationalparks.uk/app/uploads/2021/07/SDNP_still_02-600x400.png]
[www.nationalparks.uk/app/uploads/2021/07/Grimwith-Reservoir-by-Matthew-Savage-600x400.jpg]
[www.nationalparks.uk/2021/08/26/inspired-by-nature-sally-gunnell-obe/index.html]
[www.nationalparks.uk/2021/08/05/renaturing-in-south-downs-national-park/index.html]
[www.nationalparks.uk/2021/07/29/discovering-astrophotography-in-the-yorkshire-dales/index.html]
[www.nationalparks.uk/app/uploads/2021/07/Credit-Robin-Mills-3-600x400.jpg]
[www.nationalparks.uk/app/uploads/2021/06/Plannu-Coed-Beddgelert_Rhydian-Roberts-600x400.jpg]
[www.nationalparks.uk/2021/07/29/inspired-by-nature-louisa-adjoa-parker/index.html]
[www.nationalparks.uk/app/uploads/2021/06/logo-600x400.png]
[www.nationalparks.uk/app/uploads/2021/06/Whole-Team-Cycle-600x400.jpg]
[www.nationalparks.uk/app/uploads/2021/06/51108245180_71b1b479e0_o-600x400.jpg]
[www.nationalparks.uk/blog/page/3/index.html]
[www.nationalparks.uk/2021/07/06/press-release-national-parks-trees-and-bees-given-a-boost-by-sykes/index.html]
[www.nationalparks.uk/2021/06/18/pedal-4-parks-an-environmental-pursuit/index.html]
[www.nationalparks.uk/2021/06/17/pedal-4-parks-meet-the-team/index.html]
[www.nationalparks.uk/2021/06/17/pedal-4-parks-national-parks-memories/index.html]
[www.nationalparks.uk/app/uploads/2021/10/Restoring-bare-peat-in-the-Cairngorms-C-Cairngorms-NPA-1920x1080.jpg]
[www.nationalparks.uk/app/uploads/2021/10/infographic-jpeg.jpg]
[www.nationalparks.uk/2021/10/08/press-release-uks-15-national-parks-release-joint-statement-on-climate-change-in-lead-up-to-cop-26/index.html]
[www.nationalparks.uk/app/uploads/2021/10/GlenmullieDrainBlockingSmall.jpg]
[www.nationalparks.uk/2021/10/06/press-release-major-global-companies-to-fund-vital-nature-restoration-projects-in-the-uks-national-parks-through-innovative-new-financing-facility/index.html]
[www.nationalparks.uk/app/uploads/2021/10/DJWC3184-6827-1920x1080.jpg]
[www.nationalparks.uk/2021/10/05/press-release-santander-becomes-a-founding-partner-for-national-parks-nature-restoration-initiative-net-zero-with-nature/index.html]
[www.nationalparks.uk/app/uploads/2021/09/Will-BANNER.jpg]
[www.nationalparks.uk/app/uploads/2021/09/Will-PROFILE-580x580.jpg]
[www.nationalparks.uk/app/uploads/2021/09/Dartmoor-Spitchwick.jpg]
[www.nationalparks.uk/2021/09/30/discovering-spitchwick/index.html]
[www.nationalparks.uk/app/uploads/2021/09/Dr-Sheree-Mack-1.jpg]
[www.nationalparks.uk/app/uploads/2021/09/Dr-Sheree-Mack5-e1631697861533-580x580.jpg]
[www.nationalparks.uk/2021/09/30/inspired-by-nature-dr-sheree-mack/index.html]
[www.nationalparks.uk/app/uploads/2021/09/AB-1-1920x1080.jpg]
[www.nationalparks.uk/app/uploads/2021/09/AB-3-580x580.jpg]
[www.nationalparks.uk/app/uploads/2021/09/AB-2-1920x1080.jpg]
[www.nationalparks.uk/2021/09/30/inspired-by-nature-abbie-barnes/index.html]
[www.nationalparks.uk/app/uploads/2021/09/App-Screenshots-1920x1080.png]
[www.nationalparks.uk/2021/09/15/press-release-national-parks-elements/index.html]
[www.nationalparks.uk/app/uploads/2021/08/pemb-Feature-Ruined-cottage-in-Little-Milford.jpg]
[www.nationalparks.uk/app/uploads/2021/08/pemb-Profile-Pic-580x580.jpg]
[www.nationalparks.uk/app/uploads/2021/08/pemb-Banner-Little-Milford-from-Hook-Quay-1920x1080.jpg]
[www.nationalparks.uk/2021/08/26/discovering-daugleddau-estuary/index.html]
[www.nationalparks.uk/app/uploads/2021/08/penny-b-pic2-1920x1080.jpg]
[www.nationalparks.uk/app/uploads/2021/08/penny-b-pic1-580x580.jpg]
[www.nationalparks.uk/2021/08/26/inspired-by-nature-penny-batchelor/index.html]
[www.nationalparks.uk/app/uploads/2020/10/South-Downs-RS3272_sdnp-july14-0679-580x580.jpg]
[www.nationalparks.uk/app/uploads/2020/10/South-Downs-RS3255_sdnp-july14-0289-600x400.jpg]
[www.nationalparks.uk/app/uploads/2020/10/Education1-600x400.jpg]
[www.nationalparks.uk/uk-national-parks-teaching-resource/index.html]
[www.nationalparks.uk/introduction-for-educators-to-our-learning-resource/index.html]
[www.nationalparks.uk/app/uploads/2021/06/51101407162_7b4d800daf_o-600x400.jpg]
[www.nationalparks.uk/blog/page/5/index.html]
[www.nationalparks.uk/2021/06/17/inspired-by-nature-isaac-kenyon/index.html]
[www.nationalparks.uk/2021/05/21/inspired-by-nature-wilfred-emmanuel-jones-mbe/index.html]
[www.nationalparks.uk/app/uploads/2021/04/dsc_0507-600x400.jpg]
[www.nationalparks.uk/app/uploads/2021/05/C54C0B0A-9573-4DF0-8657-F6FEED9D1977-600x400.jpg]
[www.nationalparks.uk/2021/05/21/inspired-by-nature-tim-longrigg/index.html]
[www.nationalparks.uk/app/uploads/2020/10/A-hedge-being-planted-in-Wensleydale-to-create-a-highway-for-dormice-an-endangered-species-to-move-between-areas-of-woodland-600x400.jpg]
[www.nationalparks.uk/2021/04/22/press-release-national-parks-palladium-partnership/index.html]
[www.nationalparks.uk/app/uploads/2021/03/Aviemore-and-Cairngorm-Mountains-from-Craigellachi10440-3-600x400.jpg]
[www.nationalparks.uk/app/uploads/2021/03/ROSIE-pics-for-Article5-600x400.jpg]
[www.nationalparks.uk/2021/03/26/discovering-a-day-in-the-life-of-a-ranger/index.html]
[www.nationalparks.uk/app/uploads/2021/02/Cissbury-Ring-by-Jamie-Fielding-600x400.jpg]
[www.nationalparks.uk/app/uploads/2021/02/Dan-R-EllisonIMG_0784-scaled-e1614087416408-600x400.jpg]
[www.nationalparks.uk/2021/03/26/inspired-by-nature-rosie-sexton/index.html]
[www.nationalparks.uk/2021/02/25/discovering-cissbury-ring/index.html]
[www.nationalparks.uk/app/uploads/2021/01/wheatfen-broad-and-the-thatch-copyright-ann-kerridge-600x400.jpg]
[www.nationalparks.uk/blog/page/4/index.html]
[www.nationalparks.uk/2021/02/23/inspired-by-nature-dan-raven-ellison/index.html]
[www.nationalparks.uk/app/uploads/2021/08/TGO_Sally_Gunnell_300621_109_web_res.jpg]
[www.nationalparks.uk/2021/08/26/press-release-national-parks-the-great-outdoor-workout/index.html]
[www.nationalparks.uk/2021/01/18/discovering-wheatfen-nature-reserve/index.html]
[www.nationalparks.uk/app/uploads/2021/08/TGO_Activate_Sally_Gunnell_National_Parks_070721_041_web_res.jpg]
[www.nationalparks.uk/app/uploads/2021/08/TGO_Sally_Gunnell_070721_001_web_res-580x580.jpg]
[www.nationalparks.uk/app/uploads/2021/08/TGO_Sally_Gunnell_300621_002_web_res.jpg]
[www.nationalparks.uk/2021/08/26/inspired-by-nature-sally-gunnell-obe/index.html]
[www.nationalparks.uk/app/uploads/2021/07/SDNP_still_02-1920x1080.png]
[www.nationalparks.uk/app/uploads/2021/07/sdnpa_renature_logo.jpg]
[www.nationalparks.uk/app/uploads/2021/07/SDNP_still_03-1920x1080.png]
[www.nationalparks.uk/2021/08/05/renaturing-in-south-downs-national-park/index.html]
[www.nationalparks.uk/app/uploads/2021/07/Grimwith-Reservoir-by-Matthew-Savage-1920x1080.jpg]
[www.nationalparks.uk/app/uploads/2021/07/Sam-Cage-scaled-e1625661084502-580x580.jpg]
[www.nationalparks.uk/app/uploads/2021/07/Twistleton-Scar-by-Danny-Lawson_PA-1920x1080.jpg]
[www.nationalparks.uk/2021/07/29/discovering-astrophotography-in-the-yorkshire-dales/index.html]
[www.nationalparks.uk/app/uploads/2021/07/Credit-Robin-Mills-3-1920x1080.jpg]
[www.nationalparks.uk/app/uploads/2021/07/Louisa-Adjoa-Parker-2-Robert-Golden-7-3-580x580.jpg]
[www.nationalparks.uk/2021/07/29/inspired-by-nature-louisa-adjoa-parker/index.html]
[www.nationalparks.uk/app/uploads/2021/06/Plannu-Coed-Beddgelert_Rhydian-Roberts-1920x1080.jpg]
[www.nationalparks.uk/2021/07/06/press-release-national-parks-trees-and-bees-given-a-boost-by-sykes/index.html]
[www.nationalparks.uk/app/uploads/2021/06/logo.png]
[www.nationalparks.uk/app/uploads/2021/06/JOGLE-MAP-e1623845137356-580x580.jpg]
[www.nationalparks.uk/app/uploads/2021/06/logo-580x580.png]
[www.nationalparks.uk/2021/06/18/pedal-4-parks-an-environmental-pursuit/index.html]
[www.nationalparks.uk/app/uploads/2021/06/Whole-Team-Cycle-1920x1080.jpg]
[www.nationalparks.uk/app/uploads/2021/06/51173112357_97b558b6f8_o-1920x1080.jpg]
[www.nationalparks.uk/app/uploads/2021/06/Whole-Team-holding-bikes-1920x1080.jpg]
[www.nationalparks.uk/2021/06/17/pedal-4-parks-meet-the-team/index.html]
[www.nationalparks.uk/app/uploads/2021/06/51108245180_71b1b479e0_o.jpg]
[www.nationalparks.uk/app/uploads/2021/06/51102383970_d8c6e7ec62_o.jpg]
[www.nationalparks.uk/2021/06/17/pedal-4-parks-national-parks-memories/index.html]
[www.nationalparks.uk/app/uploads/2020/10/NickEducationBroads2-2000x1143.jpg]
[www.nationalparks.uk/introduction-for-educators-to-our-learning-resource/index.html]
[www.nationalparks.uk/app/uploads/2020/12/thumbnail_GiJ-MyaRose-Craig-001-copy-600x400.jpg]
[www.nationalparks.uk/2021/01/18/inspired-by-nature-birdgirl-mya-rose-craig/index.html]
[www.nationalparks.uk/app/uploads/2020/11/IMG_7731-600x400.jpg]
[www.nationalparks.uk/2020/11/19/stories-phil-young-founder-of-black-trail-runners/index.html]
[www.nationalparks.uk/app/uploads/2020/11/pcnpa_60_barafundle-0000-600x400.jpg]
[www.nationalparks.uk/2020/11/19/discovering-barafundle-bay-beach/index.html]
[www.nationalparks.uk/app/uploads/2020/10/South-Downs-RS3128_sdnp-june14-0849-600x400.jpg]
[www.nationalparks.uk/app/uploads/2020/10/Education2-600x400.jpg]
[www.nationalparks.uk/app/uploads/2020/10/exmoor_exp_autumn_family_2018_mg_0473_FINAL-600x400.jpg]
[www.nationalparks.uk/blog/page/5/index.html]
[www.nationalparks.uk/app/uploads/2021/06/51101407162_7b4d800daf_o-1920x1080.jpg]
[www.nationalparks.uk/app/uploads/2021/06/51174845970_403be57f43_o-580x580.jpg]
[www.nationalparks.uk/2021/06/17/inspired-by-nature-isaac-kenyon/index.html]
[www.nationalparks.uk/app/uploads/2021/04/dsc_0507-1920x1080.jpg]
[www.nationalparks.uk/app/uploads/2021/04/IMG_4720-580x580.jpg]
[www.nationalparks.uk/2021/05/21/inspired-by-nature-wilfred-emmanuel-jones-mbe/index.html]
[www.nationalparks.uk/app/uploads/2021/05/C54C0B0A-9573-4DF0-8657-F6FEED9D1977.jpg]
[www.nationalparks.uk/app/uploads/2021/05/6CFC2E44-FB2A-4396-ADEC-E27F038A92A3_1_201_a-580x580.jpg]
[www.nationalparks.uk/2021/05/21/inspired-by-nature-tim-longrigg/index.html]
[www.nationalparks.uk/app/uploads/2020/10/A-hedge-being-planted-in-Wensleydale-to-create-a-highway-for-dormice-an-endangered-species-to-move-between-areas-of-woodland-1920x1080.jpg]
[www.nationalparks.uk/2021/04/22/press-release-national-parks-palladium-partnership/index.html]
[www.nationalparks.uk/app/uploads/2021/03/Aviemore-and-Cairngorm-Mountains-from-Craigellachi10440-3.jpg]
[www.nationalparks.uk/app/uploads/2021/03/Duncan-Macdonald-Cairngorms-Ranger-580x580.jpg]
[www.nationalparks.uk/app/uploads/2021/03/Laggan-Cairngorms-NP.jpg]
[www.nationalparks.uk/2021/03/26/discovering-a-day-in-the-life-of-a-ranger/index.html]
[www.nationalparks.uk/app/uploads/2021/03/ROSIE-pics-for-Article5.jpg]
[www.nationalparks.uk/app/uploads/2021/03/ROSIE-pics-for-Article-6-580x360.jpg]
[www.nationalparks.uk/2021/03/26/inspired-by-nature-rosie-sexton/index.html]
[www.nationalparks.uk/app/uploads/2021/02/Cissbury-Ring-by-Jamie-Fielding-1920x1080.jpg]
[www.nationalparks.uk/app/uploads/2021/02/Sian-on-the-Downs-last-Summer-580x580.jpg]
[www.nationalparks.uk/app/uploads/2021/02/Sian-perspective-Cissbury-1792x1080.jpg]
[www.nationalparks.uk/2021/02/25/discovering-cissbury-ring/index.html]
[www.nationalparks.uk/app/uploads/2021/02/Dan-R-EllisonIMG_0784-scaled-e1614087416408-1920x1080.jpg]
[www.nationalparks.uk/app/uploads/2021/02/DSC02887-scaled-e1614084115939-580x580.jpg]
[www.nationalparks.uk/app/uploads/2021/02/DSC02916-2000x429.jpg]
[www.nationalparks.uk/2021/02/23/inspired-by-nature-dan-raven-ellison/index.html]
[www.nationalparks.uk/app/uploads/2021/01/wheatfen-broad-and-the-thatch-copyright-ann-kerridge-1920x1080.jpg]
[www.nationalparks.uk/app/uploads/2021/01/Tom-W-1-580x580.jpg]
[www.nationalparks.uk/app/uploads/2021/01/wheatfen-vista-autumn-by-ann-kerridge-1920x1080.jpg]
[www.nationalparks.uk/2021/01/18/discovering-wheatfen-nature-reserve/index.html]
[www.nationalparks.uk/app/uploads/2020/12/thumbnail_GiJ-MyaRose-Craig-001-copy.jpg]
[www.nationalparks.uk/app/uploads/2020/12/IMG_4327-copy-Myarose-580x580.jpg]
[www.nationalparks.uk/2021/01/18/inspired-by-nature-birdgirl-mya-rose-craig/index.html]
[www.nationalparks.uk/app/uploads/2020/11/IMG_7731-1920x1080.jpg]
[www.nationalparks.uk/app/uploads/2020/11/Screenshot-2020-10-08-at-10.17.59-580x416.png]
[www.nationalparks.uk/2020/11/19/stories-phil-young-founder-of-black-trail-runners/index.html]
[www.nationalparks.uk/app/uploads/2020/11/pcnpa_60_barafundle-0000.jpg]
[www.nationalparks.uk/app/uploads/2020/11/60-Barafundle-03.jpg]
[www.nationalparks.uk/2020/11/19/discovering-barafundle-bay-beach/index.html]
